<html>
<body>
<pre>
<h1>µVision Build Log</h1>
<h2>Tool Versions:</h2>
IDE-Version: µVision V5.39.0.0
Copyright (C) 2023 ARM Ltd and ARM Germany GmbH. All rights reserved.
License Information: / LOVEGEM, /, LIC=KRMW3-AWLU0-Z9TG9-4ECYZ-UPX1P-0SZZZ
 
Tool Versions:
Toolchain:       MDK-ARM Plus  Version: 5.39.0.0
Toolchain Path:  D:\MDK\core\ARM\ARMCC\Bin
C Compiler:      Armcc.exe V5.06 update 7 (build 960)
Assembler:       Armasm.exe V5.06 update 7 (build 960)
Linker/Locator:  ArmLink.exe V5.06 update 7 (build 960)
Library Manager: ArmAr.exe V5.06 update 7 (build 960)
Hex Converter:   FromElf.exe V5.06 update 7 (build 960)
CPU DLL:         SARMCM3.DLL V5.39.0.0
Dialog DLL:      DCM.DLL V1.17.5.0
Target DLL:      STLink\ST-LINKIII-KEIL_SWO.dll V3.2.0.0
Dialog DLL:      TCM.DLL V1.56.4.0
 
<h2>Project:</h2>
E:\proj\FreeRTOS_Template\MDK-ARM\project.uvprojx
Project File Date:  08/09/2025

<h2>Output:</h2>
*** Using Compiler 'V5.06 update 7 (build 960)', folder: 'D:\MDK\core\ARM\ARMCC\Bin'
Rebuild target 'Target 1'
compiling stm32f1xx_hal_adc.c...
compiling stm32f1xx_hal_adc_ex.c...
compiling stm32f1xx_hal_dac_ex.c...
compiling stm32f1xx_hal_eth.c...
compiling stm32f1xx_hal_cortex.c...
compiling stm32f1xx_hal_dac.c...
compiling stm32f1xx_hal_cec.c...
compiling stm32f1xx_hal_crc.c...
compiling stm32f1xx_hal_can.c...
compiling stm32f1xx_hal.c...
compiling stm32f1xx_hal_dma.c...
compiling stm32f1xx_hal_msp_template.c...
compiling stm32f1xx_hal_gpio_ex.c...
compiling stm32f1xx_hal_iwdg.c...
compiling stm32f1xx_hal_flash_ex.c...
compiling stm32f1xx_hal_i2c.c...
compiling stm32f1xx_hal_nand.c...
compiling stm32f1xx_hal_hcd.c...
compiling stm32f1xx_hal_flash.c...
compiling stm32f1xx_hal_irda.c...
compiling stm32f1xx_hal_i2s.c...
compiling stm32f1xx_hal_gpio.c...
compiling stm32f1xx_hal_pccard.c...
compiling stm32f1xx_hal_sd.c...
compiling stm32f1xx_hal_smartcard.c...
compiling stm32f1xx_hal_rtc.c...
compiling stm32f1xx_hal_pcd_ex.c...
compiling stm32f1xx_hal_nor.c...
compiling stm32f1xx_hal_rtc_ex.c...
compiling stm32f1xx_hal_rcc_ex.c...
compiling stm32f1xx_hal_pwr.c...
compiling stm32f1xx_hal_pcd.c...
compiling stm32f1xx_hal_rcc.c...
compiling stm32f1xx_hal_wwdg.c...
compiling stm32f1xx_hal_sram.c...
compiling stm32f1xx_hal_usart.c...
compiling stm32f1xx_ll_sdmmc.c...
compiling stm32f1xx_hal_uart.c...
compiling stm32f1xx_hal_tim_ex.c...
compiling stm32f1xx_hal_spi.c...
compiling stm32f1xx_hal_spi_ex.c...
compiling stm32f1xx_ll_fsmc.c...
compiling stm32f1xx_ll_usb.c...
assembling startup_stm32f103xb.s...
compiling croutine.c...
compiling event_groups.c...
compiling list.c...
compiling queue.c...
compiling stream_buffer.c...
compiling stm32f1xx_hal_tim.c...
compiling timers.c...
compiling heap_4.c...
compiling tasks.c...
compiling port.c...
compiling system_stm32f1xx.c...
compiling stm32f1xx_it.c...
compiling main.c...
compiling sys.c...
linking...
Program Size: Code=1228 RO-data=268 RW-data=64 ZI-data=1832  
FromELF: creating hex file...
"..\Objects\project.axf" - 0 Error(s), 0 Warning(s).

<h2>Software Packages used:</h2>

Package Vendor: Keil
                http://www.keil.com/pack/Keil.STM32F1xx_DFP.1.0.4.pack
                Keil::STM32F1xx_DFP@1.0.4
                STMicroelectronics STM32F1 Series Device Support, Drivers and Examples

<h2>Collection of Component include folders:</h2>
  D:/MDK/packs/Keil/STM32F1xx_DFP/1.0.4/Device/Include

<h2>Collection of Component Files used:</h2>
Build Time Elapsed:  00:00:08
</pre>
</body>
</html>
