Component: ARM Compiler 5.06 update 7 (build 960) Tool: armlink [4d3601]

==============================================================================

Section Cross References

    stm32f1xx_hal.o(i.HAL_DeInit) refers to stm32f1xx_hal_msp_template.o(i.HAL_MspDeInit) for HAL_MspDeInit
    stm32f1xx_hal.o(i.HAL_Delay) refers to stm32f1xx_hal.o(i.HAL_GetTick) for HAL_GetTick
    stm32f1xx_hal.o(i.HAL_GetTick) refers to stm32f1xx_hal.o(.data) for uwTick
    stm32f1xx_hal.o(i.HAL_IncTick) refers to stm32f1xx_hal.o(.data) for uwTick
    stm32f1xx_hal.o(i.HAL_Init) refers to stm32f1xx_hal_cortex.o(i.HAL_NVIC_SetPriorityGrouping) for HAL_NVIC_SetPriorityGrouping
    stm32f1xx_hal.o(i.HAL_Init) refers to stm32f1xx_hal.o(i.HAL_InitTick) for HAL_InitTick
    stm32f1xx_hal.o(i.HAL_Init) refers to stm32f1xx_hal_msp_template.o(i.HAL_MspInit) for HAL_MspInit
    stm32f1xx_hal.o(i.HAL_InitTick) refers to stm32f1xx_hal_rcc.o(i.HAL_RCC_GetHCLKFreq) for HAL_RCC_GetHCLKFreq
    stm32f1xx_hal.o(i.HAL_InitTick) refers to stm32f1xx_hal_cortex.o(i.HAL_SYSTICK_Config) for HAL_SYSTICK_Config
    stm32f1xx_hal.o(i.HAL_InitTick) refers to stm32f1xx_hal_cortex.o(i.HAL_NVIC_SetPriority) for HAL_NVIC_SetPriority
    stm32f1xx_hal_cortex.o(i.HAL_NVIC_GetPriorityGrouping) refers to stm32f1xx_hal_cortex.o(i.NVIC_GetPriorityGrouping) for NVIC_GetPriorityGrouping
    stm32f1xx_hal_cortex.o(i.HAL_NVIC_SetPriority) refers to stm32f1xx_hal_cortex.o(i.NVIC_GetPriorityGrouping) for NVIC_GetPriorityGrouping
    stm32f1xx_hal_cortex.o(i.HAL_NVIC_SetPriority) refers to stm32f1xx_hal_cortex.o(i.NVIC_SetPriority) for NVIC_SetPriority
    stm32f1xx_hal_cortex.o(i.HAL_SYSTICK_Config) refers to stm32f1xx_hal_cortex.o(i.NVIC_SetPriority) for NVIC_SetPriority
    stm32f1xx_hal_cortex.o(i.HAL_SYSTICK_IRQHandler) refers to stm32f1xx_hal_cortex.o(i.HAL_SYSTICK_Callback) for HAL_SYSTICK_Callback
    stm32f1xx_hal_dma.o(i.HAL_DMA_Abort) refers to stm32f1xx_hal.o(i.HAL_GetTick) for HAL_GetTick
    stm32f1xx_hal_dma.o(i.HAL_DMA_PollForTransfer) refers to stm32f1xx_hal.o(i.HAL_GetTick) for HAL_GetTick
    stm32f1xx_hal_dma.o(i.HAL_DMA_Start) refers to stm32f1xx_hal_dma.o(i.DMA_SetConfig) for DMA_SetConfig
    stm32f1xx_hal_dma.o(i.HAL_DMA_Start_IT) refers to stm32f1xx_hal_dma.o(i.DMA_SetConfig) for DMA_SetConfig
    stm32f1xx_hal_flash.o(i.FLASH_Program_HalfWord) refers to stm32f1xx_hal_flash.o(.bss) for pFlash
    stm32f1xx_hal_flash.o(i.FLASH_SetErrorCode) refers to stm32f1xx_hal_flash.o(.bss) for pFlash
    stm32f1xx_hal_flash.o(i.FLASH_WaitForLastOperation) refers to stm32f1xx_hal.o(i.HAL_GetTick) for HAL_GetTick
    stm32f1xx_hal_flash.o(i.FLASH_WaitForLastOperation) refers to stm32f1xx_hal_flash.o(i.FLASH_SetErrorCode) for FLASH_SetErrorCode
    stm32f1xx_hal_flash.o(i.HAL_FLASH_GetError) refers to stm32f1xx_hal_flash.o(.bss) for pFlash
    stm32f1xx_hal_flash.o(i.HAL_FLASH_IRQHandler) refers to stm32f1xx_hal_flash.o(i.FLASH_SetErrorCode) for FLASH_SetErrorCode
    stm32f1xx_hal_flash.o(i.HAL_FLASH_IRQHandler) refers to stm32f1xx_hal_flash.o(i.HAL_FLASH_OperationErrorCallback) for HAL_FLASH_OperationErrorCallback
    stm32f1xx_hal_flash.o(i.HAL_FLASH_IRQHandler) refers to stm32f1xx_hal_flash.o(i.HAL_FLASH_EndOfOperationCallback) for HAL_FLASH_EndOfOperationCallback
    stm32f1xx_hal_flash.o(i.HAL_FLASH_IRQHandler) refers to stm32f1xx_hal_flash_ex.o(i.FLASH_PageErase) for FLASH_PageErase
    stm32f1xx_hal_flash.o(i.HAL_FLASH_IRQHandler) refers to stm32f1xx_hal_flash.o(i.FLASH_Program_HalfWord) for FLASH_Program_HalfWord
    stm32f1xx_hal_flash.o(i.HAL_FLASH_IRQHandler) refers to stm32f1xx_hal_flash.o(.bss) for pFlash
    stm32f1xx_hal_flash.o(i.HAL_FLASH_OB_Launch) refers to stm32f1xx_hal_cortex.o(i.HAL_NVIC_SystemReset) for HAL_NVIC_SystemReset
    stm32f1xx_hal_flash.o(i.HAL_FLASH_Program) refers to stm32f1xx_hal_flash.o(i.FLASH_WaitForLastOperation) for FLASH_WaitForLastOperation
    stm32f1xx_hal_flash.o(i.HAL_FLASH_Program) refers to llushr.o(.text) for __aeabi_llsr
    stm32f1xx_hal_flash.o(i.HAL_FLASH_Program) refers to stm32f1xx_hal_flash.o(i.FLASH_Program_HalfWord) for FLASH_Program_HalfWord
    stm32f1xx_hal_flash.o(i.HAL_FLASH_Program) refers to stm32f1xx_hal_flash.o(.bss) for pFlash
    stm32f1xx_hal_flash.o(i.HAL_FLASH_Program_IT) refers to stm32f1xx_hal_flash.o(i.FLASH_Program_HalfWord) for FLASH_Program_HalfWord
    stm32f1xx_hal_flash.o(i.HAL_FLASH_Program_IT) refers to stm32f1xx_hal_flash.o(.bss) for pFlash
    stm32f1xx_hal_flash_ex.o(i.FLASH_MassErase) refers to stm32f1xx_hal_flash.o(.bss) for pFlash
    stm32f1xx_hal_flash_ex.o(i.FLASH_OB_DisableWRP) refers to stm32f1xx_hal_flash_ex.o(i.FLASH_OB_GetWRP) for FLASH_OB_GetWRP
    stm32f1xx_hal_flash_ex.o(i.FLASH_OB_DisableWRP) refers to stm32f1xx_hal_flash.o(i.FLASH_WaitForLastOperation) for FLASH_WaitForLastOperation
    stm32f1xx_hal_flash_ex.o(i.FLASH_OB_DisableWRP) refers to stm32f1xx_hal_flash_ex.o(i.HAL_FLASHEx_OBErase) for HAL_FLASHEx_OBErase
[...]
    Removing stm32f1xx_hal_tim.o(i.HAL_TIM_IC_Stop_DMA), (140 bytes).
    Removing stm32f1xx_hal_tim.o(i.HAL_TIM_IC_Stop_IT), (134 bytes).
    Removing stm32f1xx_hal_tim.o(i.HAL_TIM_IRQHandler), (406 bytes).
    Removing stm32f1xx_hal_tim.o(i.HAL_TIM_OC_ConfigChannel), (116 bytes).
    Removing stm32f1xx_hal_tim.o(i.HAL_TIM_OC_DeInit), (70 bytes).
    Removing stm32f1xx_hal_tim.o(i.HAL_TIM_OC_DelayElapsedCallback), (2 bytes).
    Removing stm32f1xx_hal_tim.o(i.HAL_TIM_OC_GetState), (8 bytes).
    Removing stm32f1xx_hal_tim.o(i.HAL_TIM_OC_Init), (52 bytes).
    Removing stm32f1xx_hal_tim.o(i.HAL_TIM_OC_MspDeInit), (2 bytes).
    Removing stm32f1xx_hal_tim.o(i.HAL_TIM_OC_MspInit), (2 bytes).
    Removing stm32f1xx_hal_tim.o(i.HAL_TIM_OC_Start), (64 bytes).
    Removing stm32f1xx_hal_tim.o(i.HAL_TIM_OC_Start_DMA), (300 bytes).
    Removing stm32f1xx_hal_tim.o(i.HAL_TIM_OC_Start_IT), (140 bytes).
    Removing stm32f1xx_hal_tim.o(i.HAL_TIM_OC_Stop), (116 bytes).
    Removing stm32f1xx_hal_tim.o(i.HAL_TIM_OC_Stop_DMA), (200 bytes).
    Removing stm32f1xx_hal_tim.o(i.HAL_TIM_OC_Stop_IT), (192 bytes).
    Removing stm32f1xx_hal_tim.o(i.HAL_TIM_OnePulse_ConfigChannel), (286 bytes).
    Removing stm32f1xx_hal_tim.o(i.HAL_TIM_OnePulse_DeInit), (70 bytes).
    Removing stm32f1xx_hal_tim.o(i.HAL_TIM_OnePulse_GetState), (8 bytes).
    Removing stm32f1xx_hal_tim.o(i.HAL_TIM_OnePulse_Init), (76 bytes).
    Removing stm32f1xx_hal_tim.o(i.HAL_TIM_OnePulse_MspDeInit), (2 bytes).
    Removing stm32f1xx_hal_tim.o(i.HAL_TIM_OnePulse_MspInit), (2 bytes).
    Removing stm32f1xx_hal_tim.o(i.HAL_TIM_OnePulse_Start), (64 bytes).
    Removing stm32f1xx_hal_tim.o(i.HAL_TIM_OnePulse_Start_IT), (88 bytes).
    Removing stm32f1xx_hal_tim.o(i.HAL_TIM_OnePulse_Stop), (128 bytes).
    Removing stm32f1xx_hal_tim.o(i.HAL_TIM_OnePulse_Stop_IT), (152 bytes).
    Removing stm32f1xx_hal_tim.o(i.HAL_TIM_PWM_ConfigChannel), (264 bytes).
    Removing stm32f1xx_hal_tim.o(i.HAL_TIM_PWM_DeInit), (70 bytes).
    Removing stm32f1xx_hal_tim.o(i.HAL_TIM_PWM_GetState), (8 bytes).
    Removing stm32f1xx_hal_tim.o(i.HAL_TIM_PWM_Init), (52 bytes).
    Removing stm32f1xx_hal_tim.o(i.HAL_TIM_PWM_MspDeInit), (2 bytes).
    Removing stm32f1xx_hal_tim.o(i.HAL_TIM_PWM_MspInit), (2 bytes).
    Removing stm32f1xx_hal_tim.o(i.HAL_TIM_PWM_PulseFinishedCallback), (2 bytes).
    Removing stm32f1xx_hal_tim.o(i.HAL_TIM_PWM_Start), (64 bytes).
    Removing stm32f1xx_hal_tim.o(i.HAL_TIM_PWM_Start_DMA), (300 bytes).
    Removing stm32f1xx_hal_tim.o(i.HAL_TIM_PWM_Start_IT), (140 bytes).
    Removing stm32f1xx_hal_tim.o(i.HAL_TIM_PWM_Stop), (124 bytes).
    Removing stm32f1xx_hal_tim.o(i.HAL_TIM_PWM_Stop_DMA), (200 bytes).
    Removing stm32f1xx_hal_tim.o(i.HAL_TIM_PWM_Stop_IT), (192 bytes).
    Removing stm32f1xx_hal_tim.o(i.HAL_TIM_PeriodElapsedCallback), (2 bytes).
    Removing stm32f1xx_hal_tim.o(i.HAL_TIM_ReadCapturedValue), (84 bytes).
    Removing stm32f1xx_hal_tim.o(i.HAL_TIM_SlaveConfigSynchronization), (86 bytes).
    Removing stm32f1xx_hal_tim.o(i.HAL_TIM_SlaveConfigSynchronization_IT), (86 bytes).
    Removing stm32f1xx_hal_tim.o(i.HAL_TIM_TriggerCallback), (2 bytes).
    Removing stm32f1xx_hal_tim.o(i.TIM_Base_SetConfig), (108 bytes).
    Removing stm32f1xx_hal_tim.o(i.TIM_CCxChannelCmd), (28 bytes).
    Removing stm32f1xx_hal_tim.o(i.TIM_DMACaptureCplt), (70 bytes).
    Removing stm32f1xx_hal_tim.o(i.TIM_DMADelayPulseCplt), (70 bytes).
    Removing stm32f1xx_hal_tim.o(i.TIM_DMAError), (20 bytes).
    Removing stm32f1xx_hal_tim.o(i.TIM_DMAPeriodElapsedCplt), (20 bytes).
    Removing stm32f1xx_hal_tim.o(i.TIM_DMATriggerCplt), (20 bytes).
    Removing stm32f1xx_hal_tim.o(i.TIM_ETR_SetConfig), (24 bytes).
    Removing stm32f1xx_hal_tim.o(i.TIM_ITRx_SetConfig), (20 bytes).
    Removing stm32f1xx_hal_tim.o(i.TIM_OC1_SetConfig), (100 bytes).
    Removing stm32f1xx_hal_tim.o(i.TIM_OC2_SetConfig), (112 bytes).
    Removing stm32f1xx_hal_tim.o(i.TIM_OC3_SetConfig), (108 bytes).
    Removing stm32f1xx_hal_tim.o(i.TIM_OC4_SetConfig), (80 bytes).
    Removing stm32f1xx_hal_tim.o(i.TIM_SlaveTimer_SetConfig), (164 bytes).
    Removing stm32f1xx_hal_tim.o(i.TIM_TI1_ConfigInputStage), (42 bytes).
    Removing stm32f1xx_hal_tim.o(i.TIM_TI1_SetConfig), (108 bytes).
    Removing stm32f1xx_hal_tim.o(i.TIM_TI2_ConfigInputStage), (44 bytes).
    Removing stm32f1xx_hal_tim.o(i.TIM_TI2_SetConfig), (62 bytes).
    Removing stm32f1xx_hal_tim.o(i.TIM_TI3_SetConfig), (60 bytes).
    Removing stm32f1xx_hal_tim.o(i.TIM_TI4_SetConfig), (64 bytes).
    Removing stm32f1xx_hal_tim_ex.o(.rev16_text), (4 bytes).
    Removing stm32f1xx_hal_tim_ex.o(.revsh_text), (4 bytes).
    Removing stm32f1xx_hal_tim_ex.o(.rrx_text), (6 bytes).
    Removing stm32f1xx_hal_tim_ex.o(i.HAL_TIMEx_BreakCallback), (2 bytes).
    Removing stm32f1xx_hal_tim_ex.o(i.HAL_TIMEx_CommutationCallback), (2 bytes).
    Removing stm32f1xx_hal_tim_ex.o(i.HAL_TIMEx_ConfigBreakDeadTime), (80 bytes).
    Removing stm32f1xx_hal_tim_ex.o(i.HAL_TIMEx_ConfigCommutationEvent), (110 bytes).
    Removing stm32f1xx_hal_tim_ex.o(i.HAL_TIMEx_ConfigCommutationEvent_DMA), (144 bytes).
    Removing stm32f1xx_hal_tim_ex.o(i.HAL_TIMEx_ConfigCommutationEvent_IT), (122 bytes).
    Removing stm32f1xx_hal_tim_ex.o(i.HAL_TIMEx_HallSensor_DeInit), (70 bytes).
    Removing stm32f1xx_hal_tim_ex.o(i.HAL_TIMEx_HallSensor_GetState), (8 bytes).
    Removing stm32f1xx_hal_tim_ex.o(i.HAL_TIMEx_HallSensor_Init), (208 bytes).
    Removing stm32f1xx_hal_tim_ex.o(i.HAL_TIMEx_HallSensor_MspDeInit), (2 bytes).
    Removing stm32f1xx_hal_tim_ex.o(i.HAL_TIMEx_HallSensor_MspInit), (2 bytes).
    Removing stm32f1xx_hal_tim_ex.o(i.HAL_TIMEx_HallSensor_Start), (30 bytes).
    Removing stm32f1xx_hal_tim_ex.o(i.HAL_TIMEx_HallSensor_Start_DMA), (116 bytes).
    Removing stm32f1xx_hal_tim_ex.o(i.HAL_TIMEx_HallSensor_Start_IT), (42 bytes).
    Removing stm32f1xx_hal_tim_ex.o(i.HAL_TIMEx_HallSensor_Stop), (56 bytes).
    Removing stm32f1xx_hal_tim_ex.o(i.HAL_TIMEx_HallSensor_Stop_DMA), (68 bytes).
    Removing stm32f1xx_hal_tim_ex.o(i.HAL_TIMEx_HallSensor_Stop_IT), (68 bytes).
    Removing stm32f1xx_hal_tim_ex.o(i.HAL_TIMEx_MasterConfigSynchronization), (98 bytes).
    Removing stm32f1xx_hal_tim_ex.o(i.HAL_TIMEx_OCN_Start), (44 bytes).
    Removing stm32f1xx_hal_tim_ex.o(i.HAL_TIMEx_OCN_Start_DMA), (280 bytes).
    Removing stm32f1xx_hal_tim_ex.o(i.HAL_TIMEx_OCN_Start_IT), (132 bytes).
    Removing stm32f1xx_hal_tim_ex.o(i.HAL_TIMEx_OCN_Stop), (96 bytes).
    Removing stm32f1xx_hal_tim_ex.o(i.HAL_TIMEx_OCN_Stop_DMA), (178 bytes).
    Removing stm32f1xx_hal_tim_ex.o(i.HAL_TIMEx_OCN_Stop_IT), (198 bytes).
    Removing stm32f1xx_hal_tim_ex.o(i.HAL_TIMEx_OnePulseN_Start), (32 bytes).
    Removing stm32f1xx_hal_tim_ex.o(i.HAL_TIMEx_OnePulseN_Start_IT), (56 bytes).
    Removing stm32f1xx_hal_tim_ex.o(i.HAL_TIMEx_OnePulseN_Stop), (96 bytes).
    Removing stm32f1xx_hal_tim_ex.o(i.HAL_TIMEx_OnePulseN_Stop_IT), (120 bytes).
    Removing stm32f1xx_hal_tim_ex.o(i.HAL_TIMEx_PWMN_Start), (44 bytes).
    Removing stm32f1xx_hal_tim_ex.o(i.HAL_TIMEx_PWMN_Start_DMA), (280 bytes).
    Removing stm32f1xx_hal_tim_ex.o(i.HAL_TIMEx_PWMN_Start_IT), (132 bytes).
    Removing stm32f1xx_hal_tim_ex.o(i.HAL_TIMEx_PWMN_Stop), (96 bytes).
    Removing stm32f1xx_hal_tim_ex.o(i.HAL_TIMEx_PWMN_Stop_DMA), (178 bytes).
    Removing stm32f1xx_hal_tim_ex.o(i.HAL_TIMEx_PWMN_Stop_IT), (198 bytes).
    Removing stm32f1xx_hal_tim_ex.o(i.TIMEx_DMACommutationCplt), (20 bytes).
    Removing stm32f1xx_hal_tim_ex.o(i.TIM_CCxNChannelCmd), (28 bytes).
    Removing stm32f1xx_hal_uart.o(.rev16_text), (4 bytes).
    Removing stm32f1xx_hal_uart.o(.revsh_text), (4 bytes).
    Removing stm32f1xx_hal_uart.o(.rrx_text), (6 bytes).
    Removing stm32f1xx_hal_usart.o(.rev16_text), (4 bytes).
    Removing stm32f1xx_hal_usart.o(.revsh_text), (4 bytes).
    Removing stm32f1xx_hal_usart.o(.rrx_text), (6 bytes).
    Removing stm32f1xx_hal_wwdg.o(.rev16_text), (4 bytes).
    Removing stm32f1xx_hal_wwdg.o(.revsh_text), (4 bytes).
    Removing stm32f1xx_hal_wwdg.o(.rrx_text), (6 bytes).
    Removing stm32f1xx_ll_fsmc.o(.rev16_text), (4 bytes).
    Removing stm32f1xx_ll_fsmc.o(.revsh_text), (4 bytes).
    Removing stm32f1xx_ll_fsmc.o(.rrx_text), (6 bytes).
    Removing stm32f1xx_ll_sdmmc.o(.rev16_text), (4 bytes).
    Removing stm32f1xx_ll_sdmmc.o(.revsh_text), (4 bytes).
    Removing stm32f1xx_ll_sdmmc.o(.rrx_text), (6 bytes).
    Removing stm32f1xx_ll_usb.o(.rev16_text), (4 bytes).
    Removing stm32f1xx_ll_usb.o(.revsh_text), (4 bytes).
    Removing stm32f1xx_ll_usb.o(.rrx_text), (6 bytes).
    Removing system_stm32f1xx.o(.rev16_text), (4 bytes).
    Removing system_stm32f1xx.o(.revsh_text), (4 bytes).
    Removing system_stm32f1xx.o(.rrx_text), (6 bytes).
    Removing system_stm32f1xx.o(i.SystemCoreClockUpdate), (164 bytes).
    Removing main.o(.rev16_text), (4 bytes).
    Removing main.o(.revsh_text), (4 bytes).
    Removing main.o(.rrx_text), (6 bytes).
    Removing main.o(i.Starttask2), (16 bytes).
    Removing stm32f1xx_it.o(.rev16_text), (4 bytes).
    Removing stm32f1xx_it.o(.revsh_text), (4 bytes).
    Removing stm32f1xx_it.o(.rrx_text), (6 bytes).
    Removing led.o(.rev16_text), (4 bytes).
    Removing led.o(.revsh_text), (4 bytes).
    Removing led.o(.rrx_text), (6 bytes).
    Removing led.o(i.LED_On), (20 bytes).
    Removing sys.o(.rev16_text), (4 bytes).
    Removing sys.o(.revsh_text), (4 bytes).
    Removing sys.o(.rrx_text), (6 bytes).
    Removing event_groups.o(i.prvTestWaitCondition), (30 bytes).
    Removing event_groups.o(i.uxEventGroupGetNumber), (14 bytes).
    Removing event_groups.o(i.vEventGroupClearBitsCallback), (16 bytes).
    Removing event_groups.o(i.vEventGroupDelete), (42 bytes).
    Removing event_groups.o(i.vEventGroupSetBitsCallback), (16 bytes).
    Removing event_groups.o(i.vEventGroupSetNumber), (4 bytes).
    Removing event_groups.o(i.xEventGroupClearBits), (32 bytes).
    Removing event_groups.o(i.xEventGroupCreate), (26 bytes).
    Removing event_groups.o(i.xEventGroupGetBitsFromISR), (44 bytes).
    Removing event_groups.o(i.xEventGroupSetBits), (146 bytes).
    Removing event_groups.o(i.xEventGroupSync), (168 bytes).
    Removing event_groups.o(i.xEventGroupWaitBits), (204 bytes).
    Removing list.o(i.vListInsertEnd), (24 bytes).
    Removing queue.o(i.prvCopyDataFromQueue), (42 bytes).
    Removing queue.o(i.prvCopyDataToQueue), (126 bytes).
    Removing queue.o(i.prvGetDisinheritPriorityAfterTimeout), (20 bytes).
    Removing queue.o(i.prvInitialiseMutex), (30 bytes).
    Removing queue.o(i.prvInitialiseNewQueue), (42 bytes).
    Removing queue.o(i.prvIsQueueEmpty), (26 bytes).
    Removing queue.o(i.prvIsQueueFull), (30 bytes).
    Removing queue.o(i.prvUnlockQueue), (126 bytes).
    Removing queue.o(i.ucQueueGetQueueType), (8 bytes).
    Removing queue.o(i.uxQueueGetQueueNumber), (6 bytes).
    Removing queue.o(i.uxQueueMessagesWaiting), (18 bytes).
    Removing queue.o(i.uxQueueMessagesWaitingFromISR), (8 bytes).
    Removing queue.o(i.uxQueueSpacesAvailable), (24 bytes).
    Removing queue.o(i.vQueueDelete), (14 bytes).
    Removing queue.o(i.vQueueSetQueueNumber), (4 bytes).
    Removing queue.o(i.xQueueCreateMutex), (34 bytes).
    Removing queue.o(i.xQueueGenericCreate), (76 bytes).
    Removing queue.o(i.xQueueGenericReset), (160 bytes).
    Removing queue.o(i.xQueueGenericSend), (280 bytes).
    Removing queue.o(i.xQueueGenericSendFromISR), (152 bytes).
    Removing queue.o(i.xQueueGiveFromISR), (132 bytes).
    Removing queue.o(i.xQueueIsQueueEmptyFromISR), (16 bytes).
    Removing queue.o(i.xQueueIsQueueFullFromISR), (22 bytes).
    Removing queue.o(i.xQueuePeek), (268 bytes).
    Removing queue.o(i.xQueuePeekFromISR), (74 bytes).
    Removing queue.o(i.xQueueReceive), (260 bytes).
    Removing queue.o(i.xQueueReceiveFromISR), (140 bytes).
    Removing queue.o(i.xQueueSemaphoreTake), (304 bytes).
    Removing stream_buffer.o(i.prvBytesInBuffer), (24 bytes).
    Removing stream_buffer.o(i.prvInitialiseNewStreamBuffer), (42 bytes).
    Removing stream_buffer.o(i.prvReadBytesFromBuffer), (76 bytes).
    Removing stream_buffer.o(i.prvReadMessageFromBuffer), (90 bytes).
    Removing stream_buffer.o(i.prvWriteBytesToBuffer), (76 bytes).
    Removing stream_buffer.o(i.prvWriteMessageToBuffer), (88 bytes).
    Removing stream_buffer.o(i.ucStreamBufferGetStreamBufferType), (10 bytes).
    Removing stream_buffer.o(i.uxStreamBufferGetStreamBufferNumber), (6 bytes).
    Removing stream_buffer.o(i.vStreamBufferDelete), (32 bytes).
    Removing stream_buffer.o(i.vStreamBufferSetStreamBufferNumber), (4 bytes).
    Removing stream_buffer.o(i.xStreamBufferBytesAvailable), (18 bytes).
    Removing stream_buffer.o(i.xStreamBufferGenericCreate), (82 bytes).
    Removing stream_buffer.o(i.xStreamBufferIsEmpty), (22 bytes).
    Removing stream_buffer.o(i.xStreamBufferIsFull), (40 bytes).
    Removing stream_buffer.o(i.xStreamBufferNextMessageLengthBytes), (52 bytes).
    Removing stream_buffer.o(i.xStreamBufferReceive), (176 bytes).
    Removing stream_buffer.o(i.xStreamBufferReceiveCompletedFromISR), (80 bytes).
    Removing stream_buffer.o(i.xStreamBufferReceiveFromISR), (132 bytes).
    Removing stream_buffer.o(i.xStreamBufferReset), (64 bytes).
    Removing stream_buffer.o(i.xStreamBufferSend), (226 bytes).
    Removing stream_buffer.o(i.xStreamBufferSendCompletedFromISR), (80 bytes).
    Removing stream_buffer.o(i.xStreamBufferSendFromISR), (134 bytes).
    Removing stream_buffer.o(i.xStreamBufferSetTriggerLevel), (26 bytes).
    Removing stream_buffer.o(i.xStreamBufferSpacesAvailable), (40 bytes).
    Removing tasks.o(i.eTaskGetState), (140 bytes).
    Removing tasks.o(i.pcTaskGetName), (24 bytes).
    Removing tasks.o(i.prvListTasksWithinSingleList), (106 bytes).
    Removing tasks.o(i.prvTaskCheckFreeStackSpace), (22 bytes).
    Removing tasks.o(i.prvTaskIsTaskSuspended), (64 bytes).
    Removing tasks.o(i.pvTaskIncrementMutexHeldCount), (32 bytes).
    Removing tasks.o(i.ulTaskGenericNotifyTake), (136 bytes).
    Removing tasks.o(i.ulTaskGenericNotifyValueClear), (64 bytes).
    Removing tasks.o(i.uxTaskGetNumberOfTasks), (12 bytes).
    Removing tasks.o(i.uxTaskGetSystemState), (176 bytes).
    Removing tasks.o(i.uxTaskGetTaskNumber), (14 bytes).
    Removing tasks.o(i.uxTaskPriorityGet), (36 bytes).
    Removing tasks.o(i.uxTaskPriorityGetFromISR), (56 bytes).
    Removing tasks.o(i.uxTaskResetEventItemValue), (28 bytes).
    Removing tasks.o(i.vTaskDelete), (168 bytes).
    Removing tasks.o(i.vTaskEndScheduler), (36 bytes).
    Removing tasks.o(i.vTaskGenericNotifyGiveFromISR), (332 bytes).
    Removing tasks.o(i.vTaskGetInfo), (132 bytes).
    Removing tasks.o(i.vTaskInternalSetTimeOutState), (24 bytes).
    Removing tasks.o(i.vTaskMissedYield), (12 bytes).
    Removing tasks.o(i.vTaskPlaceOnEventList), (32 bytes).
    Removing tasks.o(i.vTaskPlaceOnUnorderedEventList), (80 bytes).
    Removing tasks.o(i.vTaskPriorityDisinheritAfterTimeout), (192 bytes).
    Removing tasks.o(i.vTaskPrioritySet), (276 bytes).
    Removing tasks.o(i.vTaskRemoveFromUnorderedEventList), (204 bytes).
    Removing tasks.o(i.vTaskResume), (172 bytes).
    Removing tasks.o(i.vTaskSetTaskNumber), (8 bytes).
    Removing tasks.o(i.vTaskSetTimeOutState), (36 bytes).
    Removing tasks.o(i.vTaskSuspend), (176 bytes).
    Removing tasks.o(i.xTaskCatchUpTicks), (40 bytes).
    Removing tasks.o(i.xTaskCheckForTimeOut), (96 bytes).
    Removing tasks.o(i.xTaskDelayUntil), (116 bytes).
    Removing tasks.o(i.xTaskGenericNotify), (328 bytes).
    Removing tasks.o(i.xTaskGenericNotifyFromISR), (500 bytes).
    Removing tasks.o(i.xTaskGenericNotifyStateClear), (64 bytes).
    Removing tasks.o(i.xTaskGenericNotifyWait), (172 bytes).
    Removing tasks.o(i.xTaskGetCurrentTaskHandle), (12 bytes).
    Removing tasks.o(i.xTaskGetTickCount), (12 bytes).
    Removing tasks.o(i.xTaskGetTickCountFromISR), (12 bytes).
    Removing tasks.o(i.xTaskPriorityDisinherit), (148 bytes).
    Removing tasks.o(i.xTaskPriorityInherit), (216 bytes).
    Removing tasks.o(i.xTaskRemoveFromEventList), (264 bytes).
    Removing tasks.o(i.xTaskResumeFromISR), (212 bytes).
    Removing heap_4.o(i.pvPortCalloc), (54 bytes).
    Removing heap_4.o(i.vPortGetHeapStats), (128 bytes).
    Removing heap_4.o(i.vPortInitialiseBlocks), (2 bytes).
    Removing heap_4.o(i.xPortGetFreeHeapSize), (12 bytes).
    Removing heap_4.o(i.xPortGetMinimumEverFreeHeapSize), (12 bytes).
    Removing port.o(i.vPortEndScheduler), (2 bytes).

498 unused section(s) (total 31982 bytes) removed from the image.

==============================================================================

Image Symbol Table

    Local Symbols

    Symbol Name                              Value     Ov Type        Size  Object(Section)

    ../clib/angel/boardlib.s                 0x00000000   Number         0  boardinit1.o ABSOLUTE
    ../clib/angel/boardlib.s                 0x00000000   Number         0  boardinit3.o ABSOLUTE
    ../clib/angel/boardlib.s                 0x00000000   Number         0  boardinit2.o ABSOLUTE
    ../clib/angel/boardlib.s                 0x00000000   Number         0  boardshut.o ABSOLUTE
    ../clib/angel/handlers.s                 0x00000000   Number         0  __scatter_zi.o ABSOLUTE
    ../clib/angel/handlers.s                 0x00000000   Number         0  __scatter_copy.o ABSOLUTE
    ../clib/angel/kernel.s                   0x00000000   Number         0  __rtentry.o ABSOLUTE
    ../clib/angel/kernel.s                   0x00000000   Number         0  rtexit.o ABSOLUTE
    ../clib/angel/kernel.s                   0x00000000   Number         0  __rtentry2.o ABSOLUTE
    ../clib/angel/kernel.s                   0x00000000   Number         0  __rtentry4.o ABSOLUTE
    ../clib/angel/kernel.s                   0x00000000   Number         0  rtexit2.o ABSOLUTE
    ../clib/angel/rt.s                       0x00000000   Number         0  rt_raise.o ABSOLUTE
    ../clib/angel/scatter.s                  0x00000000   Number         0  __scatter.o ABSOLUTE
    ../clib/angel/startup.s                  0x00000000   Number         0  __main.o ABSOLUTE
    ../clib/angel/sys.s                      0x00000000   Number         0  sys_stackheap_outer.o ABSOLUTE
    ../clib/angel/sys.s                      0x00000000   Number         0  libspace.o ABSOLUTE
    ../clib/angel/sys.s                      0x00000000   Number         0  indicate_semi.o ABSOLUTE
    ../clib/angel/sys.s                      0x00000000   Number         0  use_no_semi.o ABSOLUTE
    ../clib/angel/sysapp.c                   0x00000000   Number         0  sys_exit.o ABSOLUTE
    ../clib/angel/sysapp.c                   0x00000000   Number         0  sys_command.o ABSOLUTE
    ../clib/angel/sysapp.c                   0x00000000   Number         0  sys_wrch.o ABSOLUTE
    ../clib/armsys.c                         0x00000000   Number         0  argv_veneer.o ABSOLUTE
    ../clib/armsys.c                         0x00000000   Number         0  no_argv.o ABSOLUTE
    ../clib/armsys.c                         0x00000000   Number         0  _get_argv_nomalloc.o ABSOLUTE
    ../clib/armsys.c                         0x00000000   Number         0  argv_veneer.o ABSOLUTE
    ../clib/heapalloc.c                      0x00000000   Number         0  hrguard.o ABSOLUTE
    ../clib/heapaux.c                        0x00000000   Number         0  heapauxi.o ABSOLUTE
    ../clib/libinit.s                        0x00000000   Number         0  libshutdown.o ABSOLUTE
    ../clib/libinit.s                        0x00000000   Number         0  libinit.o ABSOLUTE
    ../clib/libinit.s                        0x00000000   Number         0  libshutdown2.o ABSOLUTE
    ../clib/libinit.s                        0x00000000   Number         0  libinit2.o ABSOLUTE
    ../clib/longlong.s                       0x00000000   Number         0  llushr.o ABSOLUTE
    ../clib/memcpset.s                       0x00000000   Number         0  rt_memclr_w.o ABSOLUTE
    ../clib/memcpset.s                       0x00000000   Number         0  rt_memclr.o ABSOLUTE
    ../clib/memcpset.s                       0x00000000   Number         0  rt_memcpy_w.o ABSOLUTE
    ../clib/memcpset.s                       0x00000000   Number         0  aeabi_memset.o ABSOLUTE
    ../clib/memcpset.s                       0x00000000   Number         0  rt_memcpy_v6.o ABSOLUTE
    ../clib/signal.c                         0x00000000   Number         0  defsig_segv_inner.o ABSOLUTE
    ../clib/signal.c                         0x00000000   Number         0  defsig_cppl_inner.o ABSOLUTE
    ../clib/signal.c                         0x00000000   Number         0  defsig_stak_inner.o ABSOLUTE
    ../clib/signal.c                         0x00000000   Number         0  defsig_rtred_inner.o ABSOLUTE
    ../clib/signal.c                         0x00000000   Number         0  defsig_fpe_inner.o ABSOLUTE
    ../clib/signal.c                         0x00000000   Number         0  defsig_abrt_inner.o ABSOLUTE
    ../clib/signal.c                         0x00000000   Number         0  defsig_exit.o ABSOLUTE
    ../clib/signal.c                         0x00000000   Number         0  defsig_general.o ABSOLUTE
    ../clib/signal.c                         0x00000000   Number         0  __raise.o ABSOLUTE
    ../clib/signal.c                         0x00000000   Number         0  defsig_rtmem_inner.o ABSOLUTE
    ../clib/signal.c                         0x00000000   Number         0  defsig_rtmem_outer.o ABSOLUTE
    ../clib/signal.c                         0x00000000   Number         0  defsig_rtmem_formal.o ABSOLUTE
    ../clib/signal.c                         0x00000000   Number         0  defsig_pvfn_inner.o ABSOLUTE
    ../clib/signal.c                         0x00000000   Number         0  defsig_other.o ABSOLUTE
    ../clib/signal.s                         0x00000000   Number         0  defsig.o ABSOLUTE
    ../clib/stdlib.c                         0x00000000   Number         0  exit.o ABSOLUTE
    ../fplib/fpinit.s                        0x00000000   Number         0  fpinit.o ABSOLUTE
    ..\HARDWARE\led.c                        0x00000000   Number         0  led.o ABSOLUTE
    ..\HARDWARE\sys.c                        0x00000000   Number         0  sys.o ABSOLUTE
    ..\LIB\Src\stm32f1xx_hal.c               0x00000000   Number         0  stm32f1xx_hal.o ABSOLUTE
    ..\LIB\Src\stm32f1xx_hal_adc.c           0x00000000   Number         0  stm32f1xx_hal_adc.o ABSOLUTE
    ..\LIB\Src\stm32f1xx_hal_adc_ex.c        0x00000000   Number         0  stm32f1xx_hal_adc_ex.o ABSOLUTE
    ..\LIB\Src\stm32f1xx_hal_can.c           0x00000000   Number         0  stm32f1xx_hal_can.o ABSOLUTE
    ..\LIB\Src\stm32f1xx_hal_cec.c           0x00000000   Number         0  stm32f1xx_hal_cec.o ABSOLUTE
    ..\LIB\Src\stm32f1xx_hal_cortex.c        0x00000000   Number         0  stm32f1xx_hal_cortex.o ABSOLUTE
    ..\LIB\Src\stm32f1xx_hal_crc.c           0x00000000   Number         0  stm32f1xx_hal_crc.o ABSOLUTE
    ..\LIB\Src\stm32f1xx_hal_dac.c           0x00000000   Number         0  stm32f1xx_hal_dac.o ABSOLUTE
    ..\LIB\Src\stm32f1xx_hal_dac_ex.c        0x00000000   Number         0  stm32f1xx_hal_dac_ex.o ABSOLUTE
    ..\LIB\Src\stm32f1xx_hal_dma.c           0x00000000   Number         0  stm32f1xx_hal_dma.o ABSOLUTE
    ..\LIB\Src\stm32f1xx_hal_eth.c           0x00000000   Number         0  stm32f1xx_hal_eth.o ABSOLUTE
    ..\LIB\Src\stm32f1xx_hal_flash.c         0x00000000   Number         0  stm32f1xx_hal_flash.o ABSOLUTE
    ..\LIB\Src\stm32f1xx_hal_flash_ex.c      0x00000000   Number         0  stm32f1xx_hal_flash_ex.o ABSOLUTE
    ..\LIB\Src\stm32f1xx_hal_gpio.c          0x00000000   Number         0  stm32f1xx_hal_gpio.o ABSOLUTE
    ..\LIB\Src\stm32f1xx_hal_gpio_ex.c       0x00000000   Number         0  stm32f1xx_hal_gpio_ex.o ABSOLUTE
    ..\LIB\Src\stm32f1xx_hal_hcd.c           0x00000000   Number         0  stm32f1xx_hal_hcd.o ABSOLUTE
    ..\LIB\Src\stm32f1xx_hal_i2c.c           0x00000000   Number         0  stm32f1xx_hal_i2c.o ABSOLUTE
    ..\LIB\Src\stm32f1xx_hal_i2s.c           0x00000000   Number         0  stm32f1xx_hal_i2s.o ABSOLUTE
    ..\LIB\Src\stm32f1xx_hal_irda.c          0x00000000   Number         0  stm32f1xx_hal_irda.o ABSOLUTE
    ..\LIB\Src\stm32f1xx_hal_iwdg.c          0x00000000   Number         0  stm32f1xx_hal_iwdg.o ABSOLUTE
    ..\LIB\Src\stm32f1xx_hal_msp_template.c  0x00000000   Number         0  stm32f1xx_hal_msp_template.o ABSOLUTE
    ..\LIB\Src\stm32f1xx_hal_nand.c          0x00000000   Number         0  stm32f1xx_hal_nand.o ABSOLUTE
    ..\LIB\Src\stm32f1xx_hal_nor.c           0x00000000   Number         0  stm32f1xx_hal_nor.o ABSOLUTE
    ..\LIB\Src\stm32f1xx_hal_pccard.c        0x00000000   Number         0  stm32f1xx_hal_pccard.o ABSOLUTE
    ..\LIB\Src\stm32f1xx_hal_pcd.c           0x00000000   Number         0  stm32f1xx_hal_pcd.o ABSOLUTE
    ..\LIB\Src\stm32f1xx_hal_pcd_ex.c        0x00000000   Number         0  stm32f1xx_hal_pcd_ex.o ABSOLUTE
    ..\LIB\Src\stm32f1xx_hal_pwr.c           0x00000000   Number         0  stm32f1xx_hal_pwr.o ABSOLUTE
    ..\LIB\Src\stm32f1xx_hal_rcc.c           0x00000000   Number         0  stm32f1xx_hal_rcc.o ABSOLUTE
    ..\LIB\Src\stm32f1xx_hal_rcc_ex.c        0x00000000   Number         0  stm32f1xx_hal_rcc_ex.o ABSOLUTE
    ..\LIB\Src\stm32f1xx_hal_rtc.c           0x00000000   Number         0  stm32f1xx_hal_rtc.o ABSOLUTE
    ..\LIB\Src\stm32f1xx_hal_rtc_ex.c        0x00000000   Number         0  stm32f1xx_hal_rtc_ex.o ABSOLUTE
    ..\LIB\Src\stm32f1xx_hal_sd.c            0x00000000   Number         0  stm32f1xx_hal_sd.o ABSOLUTE
    ..\LIB\Src\stm32f1xx_hal_smartcard.c     0x00000000   Number         0  stm32f1xx_hal_smartcard.o ABSOLUTE
    ..\LIB\Src\stm32f1xx_hal_spi.c           0x00000000   Number         0  stm32f1xx_hal_spi.o ABSOLUTE
    ..\LIB\Src\stm32f1xx_hal_spi_ex.c        0x00000000   Number         0  stm32f1xx_hal_spi_ex.o ABSOLUTE
    ..\LIB\Src\stm32f1xx_hal_sram.c          0x00000000   Number         0  stm32f1xx_hal_sram.o ABSOLUTE
    ..\LIB\Src\stm32f1xx_hal_tim.c           0x00000000   Number         0  stm32f1xx_hal_tim.o ABSOLUTE
    ..\LIB\Src\stm32f1xx_hal_tim_ex.c        0x00000000   Number         0  stm32f1xx_hal_tim_ex.o ABSOLUTE
    ..\LIB\Src\stm32f1xx_hal_uart.c          0x00000000   Number         0  stm32f1xx_hal_uart.o ABSOLUTE
    ..\LIB\Src\stm32f1xx_hal_usart.c         0x00000000   Number         0  stm32f1xx_hal_usart.o ABSOLUTE
    ..\LIB\Src\stm32f1xx_hal_wwdg.c          0x00000000   Number         0  stm32f1xx_hal_wwdg.o ABSOLUTE
    ..\LIB\Src\stm32f1xx_ll_fsmc.c           0x00000000   Number         0  stm32f1xx_ll_fsmc.o ABSOLUTE
    ..\LIB\Src\stm32f1xx_ll_sdmmc.c          0x00000000   Number         0  stm32f1xx_ll_sdmmc.o ABSOLUTE
    ..\LIB\Src\stm32f1xx_ll_usb.c            0x00000000   Number         0  stm32f1xx_ll_usb.o ABSOLUTE
    ..\RTOS\Port\heap_4.c                    0x00000000   Number         0  heap_4.o ABSOLUTE
    ..\RTOS\Port\port.c                      0x00000000   Number         0  port.o ABSOLUTE
    ..\RTOS\Src\croutine.c                   0x00000000   Number         0  croutine.o ABSOLUTE
    ..\RTOS\Src\event_groups.c               0x00000000   Number         0  event_groups.o ABSOLUTE
    ..\RTOS\Src\list.c                       0x00000000   Number         0  list.o ABSOLUTE
    ..\RTOS\Src\queue.c                      0x00000000   Number         0  queue.o ABSOLUTE
    ..\RTOS\Src\stream_buffer.c              0x00000000   Number         0  stream_buffer.o ABSOLUTE
    ..\RTOS\Src\tasks.c                      0x00000000   Number         0  tasks.o ABSOLUTE
    ..\RTOS\Src\timers.c                     0x00000000   Number         0  timers.o ABSOLUTE
    ..\START\startup_stm32f103xb.s           0x00000000   Number         0  startup_stm32f103xb.o ABSOLUTE
    ..\START\system_stm32f1xx.c              0x00000000   Number         0  system_stm32f1xx.o ABSOLUTE
    ..\USER\main.c                           0x00000000   Number         0  main.o ABSOLUTE
    ..\USER\stm32f1xx_it.c                   0x00000000   Number         0  stm32f1xx_it.o ABSOLUTE
    ..\\HARDWARE\\led.c                      0x00000000   Number         0  led.o ABSOLUTE
    ..\\HARDWARE\\sys.c                      0x00000000   Number         0  sys.o ABSOLUTE
    ..\\LIB\\Src\\stm32f1xx_hal.c            0x00000000   Number         0  stm32f1xx_hal.o ABSOLUTE
    ..\\LIB\\Src\\stm32f1xx_hal_adc.c        0x00000000   Number         0  stm32f1xx_hal_adc.o ABSOLUTE
    ..\\LIB\\Src\\stm32f1xx_hal_adc_ex.c     0x00000000   Number         0  stm32f1xx_hal_adc_ex.o ABSOLUTE
    ..\\LIB\\Src\\stm32f1xx_hal_can.c        0x00000000   Number         0  stm32f1xx_hal_can.o ABSOLUTE
    ..\\LIB\\Src\\stm32f1xx_hal_cec.c        0x00000000   Number         0  stm32f1xx_hal_cec.o ABSOLUTE
    ..\\LIB\\Src\\stm32f1xx_hal_cortex.c     0x00000000   Number         0  stm32f1xx_hal_cortex.o ABSOLUTE
    ..\\LIB\\Src\\stm32f1xx_hal_crc.c        0x00000000   Number         0  stm32f1xx_hal_crc.o ABSOLUTE
    ..\\LIB\\Src\\stm32f1xx_hal_dac.c        0x00000000   Number         0  stm32f1xx_hal_dac.o ABSOLUTE
    ..\\LIB\\Src\\stm32f1xx_hal_dac_ex.c     0x00000000   Number         0  stm32f1xx_hal_dac_ex.o ABSOLUTE
    ..\\LIB\\Src\\stm32f1xx_hal_dma.c        0x00000000   Number         0  stm32f1xx_hal_dma.o ABSOLUTE
    ..\\LIB\\Src\\stm32f1xx_hal_eth.c        0x00000000   Number         0  stm32f1xx_hal_eth.o ABSOLUTE
    ..\\LIB\\Src\\stm32f1xx_hal_flash.c      0x00000000   Number         0  stm32f1xx_hal_flash.o ABSOLUTE
    ..\\LIB\\Src\\stm32f1xx_hal_flash_ex.c   0x00000000   Number         0  stm32f1xx_hal_flash_ex.o ABSOLUTE
    ..\\LIB\\Src\\stm32f1xx_hal_gpio.c       0x00000000   Number         0  stm32f1xx_hal_gpio.o ABSOLUTE
    ..\\LIB\\Src\\stm32f1xx_hal_gpio_ex.c    0x00000000   Number         0  stm32f1xx_hal_gpio_ex.o ABSOLUTE
    ..\\LIB\\Src\\stm32f1xx_hal_hcd.c        0x00000000   Number         0  stm32f1xx_hal_hcd.o ABSOLUTE
    ..\\LIB\\Src\\stm32f1xx_hal_i2c.c        0x00000000   Number         0  stm32f1xx_hal_i2c.o ABSOLUTE
    ..\\LIB\\Src\\stm32f1xx_hal_i2s.c        0x00000000   Number         0  stm32f1xx_hal_i2s.o ABSOLUTE
    ..\\LIB\\Src\\stm32f1xx_hal_irda.c       0x00000000   Number         0  stm32f1xx_hal_irda.o ABSOLUTE
    ..\\LIB\\Src\\stm32f1xx_hal_iwdg.c       0x00000000   Number         0  stm32f1xx_hal_iwdg.o ABSOLUTE
    ..\\LIB\\Src\\stm32f1xx_hal_msp_template.c 0x00000000   Number         0  stm32f1xx_hal_msp_template.o ABSOLUTE
    ..\\LIB\\Src\\stm32f1xx_hal_nand.c       0x00000000   Number         0  stm32f1xx_hal_nand.o ABSOLUTE
    ..\\LIB\\Src\\stm32f1xx_hal_nor.c        0x00000000   Number         0  stm32f1xx_hal_nor.o ABSOLUTE
    ..\\LIB\\Src\\stm32f1xx_hal_pccard.c     0x00000000   Number         0  stm32f1xx_hal_pccard.o ABSOLUTE
    ..\\LIB\\Src\\stm32f1xx_hal_pcd.c        0x00000000   Number         0  stm32f1xx_hal_pcd.o ABSOLUTE
    ..\\LIB\\Src\\stm32f1xx_hal_pcd_ex.c     0x00000000   Number         0  stm32f1xx_hal_pcd_ex.o ABSOLUTE
    ..\\LIB\\Src\\stm32f1xx_hal_pwr.c        0x00000000   Number         0  stm32f1xx_hal_pwr.o ABSOLUTE
    ..\\LIB\\Src\\stm32f1xx_hal_rcc.c        0x00000000   Number         0  stm32f1xx_hal_rcc.o ABSOLUTE
    ..\\LIB\\Src\\stm32f1xx_hal_rcc_ex.c     0x00000000   Number         0  stm32f1xx_hal_rcc_ex.o ABSOLUTE
    ..\\LIB\\Src\\stm32f1xx_hal_rtc.c        0x00000000   Number         0  stm32f1xx_hal_rtc.o ABSOLUTE
    ..\\LIB\\Src\\stm32f1xx_hal_rtc_ex.c     0x00000000   Number         0  stm32f1xx_hal_rtc_ex.o ABSOLUTE
    ..\\LIB\\Src\\stm32f1xx_hal_sd.c         0x00000000   Number         0  stm32f1xx_hal_sd.o ABSOLUTE
    ..\\LIB\\Src\\stm32f1xx_hal_smartcard.c  0x00000000   Number         0  stm32f1xx_hal_smartcard.o ABSOLUTE
    ..\\LIB\\Src\\stm32f1xx_hal_spi.c        0x00000000   Number         0  stm32f1xx_hal_spi.o ABSOLUTE
    ..\\LIB\\Src\\stm32f1xx_hal_spi_ex.c     0x00000000   Number         0  stm32f1xx_hal_spi_ex.o ABSOLUTE
    ..\\LIB\\Src\\stm32f1xx_hal_sram.c       0x00000000   Number         0  stm32f1xx_hal_sram.o ABSOLUTE
    ..\\LIB\\Src\\stm32f1xx_hal_tim.c        0x00000000   Number         0  stm32f1xx_hal_tim.o ABSOLUTE
    ..\\LIB\\Src\\stm32f1xx_hal_tim_ex.c     0x00000000   Number         0  stm32f1xx_hal_tim_ex.o ABSOLUTE
    ..\\LIB\\Src\\stm32f1xx_hal_uart.c       0x00000000   Number         0  stm32f1xx_hal_uart.o ABSOLUTE
    ..\\LIB\\Src\\stm32f1xx_hal_usart.c      0x00000000   Number         0  stm32f1xx_hal_usart.o ABSOLUTE
    ..\\LIB\\Src\\stm32f1xx_hal_wwdg.c       0x00000000   Number         0  stm32f1xx_hal_wwdg.o ABSOLUTE
    ..\\LIB\\Src\\stm32f1xx_ll_fsmc.c        0x00000000   Number         0  stm32f1xx_ll_fsmc.o ABSOLUTE
    ..\\LIB\\Src\\stm32f1xx_ll_sdmmc.c       0x00000000   Number         0  stm32f1xx_ll_sdmmc.o ABSOLUTE
    ..\\LIB\\Src\\stm32f1xx_ll_usb.c         0x00000000   Number         0  stm32f1xx_ll_usb.o ABSOLUTE
    ..\\RTOS\\Port\\port.c                   0x00000000   Number         0  port.o ABSOLUTE
    ..\\START\\system_stm32f1xx.c            0x00000000   Number         0  system_stm32f1xx.o ABSOLUTE
    ..\\USER\\main.c                         0x00000000   Number         0  main.o ABSOLUTE
    ..\\USER\\stm32f1xx_it.c                 0x00000000   Number         0  stm32f1xx_it.o ABSOLUTE
    dc.s                                     0x00000000   Number         0  dc.o ABSOLUTE
    RESET                                    0x08000000   Section      236  startup_stm32f103xb.o(RESET)
    !!!main                                  0x080000ec   Section        8  __main.o(!!!main)
    !!!scatter                               0x080000f4   Section       52  __scatter.o(!!!scatter)
    !!handler_copy                           0x08000128   Section       26  __scatter_copy.o(!!handler_copy)
    !!handler_zi                             0x08000144   Section       28  __scatter_zi.o(!!handler_zi)
    .ARM.Collect$$libinit$$00000000          0x08000160   Section        2  libinit.o(.ARM.Collect$$libinit$$00000000)
    .ARM.Collect$$libinit$$00000002          0x08000162   Section        0  libinit2.o(.ARM.Collect$$libinit$$00000002)
    .ARM.Collect$$libinit$$00000004          0x08000162   Section        0  libinit2.o(.ARM.Collect$$libinit$$00000004)
    .ARM.Collect$$libinit$$0000000A          0x08000162   Section        0  libinit2.o(.ARM.Collect$$libinit$$0000000A)
    .ARM.Collect$$libinit$$0000000C          0x08000162   Section        0  libinit2.o(.ARM.Collect$$libinit$$0000000C)
    .ARM.Collect$$libinit$$0000000E          0x08000162   Section        0  libinit2.o(.ARM.Collect$$libinit$$0000000E)
    .ARM.Collect$$libinit$$00000011          0x08000162   Section        0  libinit2.o(.ARM.Collect$$libinit$$00000011)
    .ARM.Collect$$libinit$$00000013          0x08000162   Section        0  libinit2.o(.ARM.Collect$$libinit$$00000013)
    .ARM.Collect$$libinit$$00000015          0x08000162   Section        0  libinit2.o(.ARM.Collect$$libinit$$00000015)
    .ARM.Collect$$libinit$$00000017          0x08000162   Section        0  libinit2.o(.ARM.Collect$$libinit$$00000017)
    .ARM.Collect$$libinit$$00000019          0x08000162   Section        0  libinit2.o(.ARM.Collect$$libinit$$00000019)
    .ARM.Collect$$libinit$$0000001B          0x08000162   Section        0  libinit2.o(.ARM.Collect$$libinit$$0000001B)
    .ARM.Collect$$libinit$$0000001D          0x08000162   Section        0  libinit2.o(.ARM.Collect$$libinit$$0000001D)
    .ARM.Collect$$libinit$$0000001F          0x08000162   Section        0  libinit2.o(.ARM.Collect$$libinit$$0000001F)
    .ARM.Collect$$libinit$$00000021          0x08000162   Section        0  libinit2.o(.ARM.Collect$$libinit$$00000021)
    .ARM.Collect$$libinit$$00000023          0x08000162   Section        0  libinit2.o(.ARM.Collect$$libinit$$00000023)
    .ARM.Collect$$libinit$$00000025          0x08000162   Section        0  libinit2.o(.ARM.Collect$$libinit$$00000025)
    .ARM.Collect$$libinit$$0000002C          0x08000162   Section        0  libinit2.o(.ARM.Collect$$libinit$$0000002C)
    .ARM.Collect$$libinit$$0000002E          0x08000162   Section        0  libinit2.o(.ARM.Collect$$libinit$$0000002E)
    .ARM.Collect$$libinit$$00000030          0x08000162   Section        0  libinit2.o(.ARM.Collect$$libinit$$00000030)
    .ARM.Collect$$libinit$$00000032          0x08000162   Section        0  libinit2.o(.ARM.Collect$$libinit$$00000032)
    .ARM.Collect$$libinit$$00000033          0x08000162   Section        2  libinit2.o(.ARM.Collect$$libinit$$00000033)
    .ARM.Collect$$libshutdown$$00000000      0x08000164   Section        2  libshutdown.o(.ARM.Collect$$libshutdown$$00000000)
    .ARM.Collect$$libshutdown$$00000002      0x08000166   Section        0  libshutdown2.o(.ARM.Collect$$libshutdown$$00000002)
    .ARM.Collect$$libshutdown$$00000004      0x08000166   Section        0  libshutdown2.o(.ARM.Collect$$libshutdown$$00000004)
    .ARM.Collect$$libshutdown$$00000006      0x08000166   Section        0  libshutdown2.o(.ARM.Collect$$libshutdown$$00000006)
    .ARM.Collect$$libshutdown$$00000009      0x08000166   Section        0  libshutdown2.o(.ARM.Collect$$libshutdown$$00000009)
    .ARM.Collect$$libshutdown$$0000000C      0x08000166   Section        0  libshutdown2.o(.ARM.Collect$$libshutdown$$0000000C)
    .ARM.Collect$$libshutdown$$0000000E      0x08000166   Section        0  libshutdown2.o(.ARM.Collect$$libshutdown$$0000000E)
    .ARM.Collect$$libshutdown$$00000011      0x08000166   Section        0  libshutdown2.o(.ARM.Collect$$libshutdown$$00000011)
    .ARM.Collect$$libshutdown$$00000012      0x08000166   Section        2  libshutdown2.o(.ARM.Collect$$libshutdown$$00000012)
    .ARM.Collect$$rtentry$$00000000          0x08000168   Section        0  __rtentry.o(.ARM.Collect$$rtentry$$00000000)
    .ARM.Collect$$rtentry$$00000002          0x08000168   Section        0  __rtentry2.o(.ARM.Collect$$rtentry$$00000002)
    .ARM.Collect$$rtentry$$00000004          0x08000168   Section        6  __rtentry4.o(.ARM.Collect$$rtentry$$00000004)
    .ARM.Collect$$rtentry$$00000009          0x0800016e   Section        0  __rtentry2.o(.ARM.Collect$$rtentry$$00000009)
    .ARM.Collect$$rtentry$$0000000A          0x0800016e   Section        4  __rtentry2.o(.ARM.Collect$$rtentry$$0000000A)
    .ARM.Collect$$rtentry$$0000000C          0x08000172   Section        0  __rtentry2.o(.ARM.Collect$$rtentry$$0000000C)
    .ARM.Collect$$rtentry$$0000000D          0x08000172   Section        8  __rtentry2.o(.ARM.Collect$$rtentry$$0000000D)
    .ARM.Collect$$rtexit$$00000000           0x0800017a   Section        2  rtexit.o(.ARM.Collect$$rtexit$$00000000)
    .ARM.Collect$$rtexit$$00000002           0x0800017c   Section        0  rtexit2.o(.ARM.Collect$$rtexit$$00000002)
    .ARM.Collect$$rtexit$$00000003           0x0800017c   Section        4  rtexit2.o(.ARM.Collect$$rtexit$$00000003)
    .ARM.Collect$$rtexit$$00000004           0x08000180   Section        6  rtexit2.o(.ARM.Collect$$rtexit$$00000004)
    .emb_text                                0x08000188   Section      150  port.o(.emb_text)
    .text                                    0x08000220   Section       64  startup_stm32f103xb.o(.text)
    .text                                    0x08000260   Section       16  aeabi_memset.o(.text)
    .text                                    0x08000270   Section       68  rt_memclr.o(.text)
    .text                                    0x080002b4   Section       78  rt_memclr_w.o(.text)
    .text                                    0x08000302   Section        0  heapauxi.o(.text)
    .text                                    0x08000308   Section       74  sys_stackheap_outer.o(.text)
    .text                                    0x08000352   Section        0  exit.o(.text)
    .text                                    0x08000364   Section        8  libspace.o(.text)
    .text                                    0x0800036c   Section        0  sys_exit.o(.text)
    .text                                    0x08000378   Section        2  use_no_semi.o(.text)
    .text                                    0x0800037a   Section        0  indicate_semi.o(.text)
    i.BusFault_Handler                       0x0800037a   Section        0  stm32f1xx_it.o(i.BusFault_Handler)
    i.DebugMon_Handler                       0x0800037e   Section        0  stm32f1xx_it.o(i.DebugMon_Handler)
    i.HAL_Delay                              0x08000380   Section        0  stm32f1xx_hal.o(i.HAL_Delay)
    i.HAL_GPIO_Init                          0x0800039c   Section        0  stm32f1xx_hal_gpio.o(i.HAL_GPIO_Init)
    i.HAL_GPIO_TogglePin                     0x080006b8   Section        0  stm32f1xx_hal_gpio.o(i.HAL_GPIO_TogglePin)
    i.HAL_GPIO_WritePin                      0x080006c0   Section        0  stm32f1xx_hal_gpio.o(i.HAL_GPIO_WritePin)
    i.HAL_GetTick                            0x080006cc   Section        0  stm32f1xx_hal.o(i.HAL_GetTick)
    i.HAL_Init                               0x080006d8   Section        0  stm32f1xx_hal.o(i.HAL_Init)
    i.HAL_InitTick                           0x08000700   Section        0  stm32f1xx_hal.o(i.HAL_InitTick)
    i.HAL_MspInit                            0x08000724   Section        0  stm32f1xx_hal_msp_template.o(i.HAL_MspInit)
    i.HAL_NVIC_SetPriority                   0x08000726   Section        0  stm32f1xx_hal_cortex.o(i.HAL_NVIC_SetPriority)
    i.HAL_NVIC_SetPriorityGrouping           0x080007a4   Section        0  stm32f1xx_hal_cortex.o(i.HAL_NVIC_SetPriorityGrouping)
    i.HAL_RCC_ClockConfig                    0x080007cc   Section        0  stm32f1xx_hal_rcc.o(i.HAL_RCC_ClockConfig)
    i.HAL_RCC_GetHCLKFreq                    0x08000a64   Section        0  stm32f1xx_hal_rcc.o(i.HAL_RCC_GetHCLKFreq)
    i.HAL_RCC_GetSysClockFreq                0x08000a70   Section        0  stm32f1xx_hal_rcc.o(i.HAL_RCC_GetSysClockFreq)
    i.HAL_RCC_OscConfig                      0x08000b24   Section        0  stm32f1xx_hal_rcc.o(i.HAL_RCC_OscConfig)
    i.HAL_SYSTICK_Config                     0x0800139c   Section        0  stm32f1xx_hal_cortex.o(i.HAL_SYSTICK_Config)
    i.HardFault_Handler                      0x080013d0   Section        0  stm32f1xx_it.o(i.HardFault_Handler)
    i.LED_Init                               0x080013d4   Section        0  led.o(i.LED_Init)
    i.LED_Off                                0x08001424   Section        0  led.o(i.LED_Off)
    i.LED_Toggle                             0x08001438   Section        0  led.o(i.LED_Toggle)
    i.MemManage_Handler                      0x0800144c   Section        0  stm32f1xx_it.o(i.MemManage_Handler)
    i.NMI_Handler                            0x08001450   Section        0  stm32f1xx_it.o(i.NMI_Handler)
    i.NVIC_GetPriorityGrouping               0x08001454   Section        0  stm32f1xx_hal_cortex.o(i.NVIC_GetPriorityGrouping)
    NVIC_GetPriorityGrouping                 0x08001455   Thumb Code    10  stm32f1xx_hal_cortex.o(i.NVIC_GetPriorityGrouping)
    i.NVIC_SetPriority                       0x08001464   Section        0  stm32f1xx_hal_cortex.o(i.NVIC_SetPriority)
    NVIC_SetPriority                         0x08001465   Thumb Code    32  stm32f1xx_hal_cortex.o(i.NVIC_SetPriority)
    i.Starttask                              0x0800148c   Section        0  main.o(i.Starttask)
    i.SysTick_Handler                        0x0800149c   Section        0  port.o(i.SysTick_Handler)
    i.SystemClock_Config                     0x080014d0   Section        0  sys.o(i.SystemClock_Config)
    i.SystemInit                             0x08001528   Section        0  system_stm32f1xx.o(i.SystemInit)
    i.UsageFault_Handler                     0x08001580   Section        0  stm32f1xx_it.o(i.UsageFault_Handler)
    i.main                                   0x08001584   Section        0  main.o(i.main)
    i.prvAddCurrentTaskToDelayedList         0x080015c0   Section        0  tasks.o(i.prvAddCurrentTaskToDelayedList)
    prvAddCurrentTaskToDelayedList           0x080015c1   Thumb Code   140  tasks.o(i.prvAddCurrentTaskToDelayedList)
    i.prvAddNewTaskToReadyList               0x08001664   Section        0  tasks.o(i.prvAddNewTaskToReadyList)
    prvAddNewTaskToReadyList                 0x08001665   Thumb Code   204  tasks.o(i.prvAddNewTaskToReadyList)
    i.prvCheckTasksWaitingTermination        0x0800174c   Section        0  tasks.o(i.prvCheckTasksWaitingTermination)
    prvCheckTasksWaitingTermination          0x0800174d   Thumb Code    60  tasks.o(i.prvCheckTasksWaitingTermination)
    i.prvDeleteTCB                           0x08001794   Section        0  tasks.o(i.prvDeleteTCB)
    prvDeleteTCB                             0x08001795   Thumb Code    18  tasks.o(i.prvDeleteTCB)
    i.prvHeapInit                            0x080017a8   Section        0  heap_4.o(i.prvHeapInit)
    prvHeapInit                              0x080017a9   Thumb Code    90  heap_4.o(i.prvHeapInit)
    i.prvIdleTask                            0x08001818   Section        0  tasks.o(i.prvIdleTask)
    prvIdleTask                              0x08001819   Thumb Code    32  tasks.o(i.prvIdleTask)
    i.prvInitialiseNewTask                   0x08001840   Section        0  tasks.o(i.prvInitialiseNewTask)
    prvInitialiseNewTask                     0x08001841   Thumb Code   134  tasks.o(i.prvInitialiseNewTask)
    i.prvInitialiseTaskLists                 0x080018c8   Section        0  tasks.o(i.prvInitialiseTaskLists)
    prvInitialiseTaskLists                   0x080018c9   Thumb Code    70  tasks.o(i.prvInitialiseTaskLists)
    i.prvInsertBlockIntoFreeList             0x08001930   Section        0  heap_4.o(i.prvInsertBlockIntoFreeList)
    prvInsertBlockIntoFreeList               0x08001931   Thumb Code    96  heap_4.o(i.prvInsertBlockIntoFreeList)
    i.prvResetNextTaskUnblockTime            0x08001998   Section        0  tasks.o(i.prvResetNextTaskUnblockTime)
    prvResetNextTaskUnblockTime              0x08001999   Thumb Code    40  tasks.o(i.prvResetNextTaskUnblockTime)
    i.prvTaskExitError                       0x080019c8   Section        0  port.o(i.prvTaskExitError)
    prvTaskExitError                         0x080019c9   Thumb Code    22  port.o(i.prvTaskExitError)
    i.pvPortMalloc                           0x080019e0   Section        0  heap_4.o(i.pvPortMalloc)
    i.pxPortInitialiseStack                  0x08001ac4   Section        0  port.o(i.pxPortInitialiseStack)
    i.uxListRemove                           0x08001ae8   Section        0  list.o(i.uxListRemove)
    i.vListInitialise                        0x08001b10   Section        0  list.o(i.vListInitialise)
    i.vListInitialiseItem                    0x08001b2a   Section        0  list.o(i.vListInitialiseItem)
    i.vListInsert                            0x08001b30   Section        0  list.o(i.vListInsert)
    i.vPortEnterCritical                     0x08001b64   Section        0  port.o(i.vPortEnterCritical)
    i.vPortExitCritical                      0x08001b88   Section        0  port.o(i.vPortExitCritical)
    i.vPortFree                              0x08001ba8   Section        0  heap_4.o(i.vPortFree)
    i.vPortSetupTimerInterrupt               0x08001bf4   Section        0  port.o(i.vPortSetupTimerInterrupt)
    i.vTaskDelay                             0x08001c1c   Section        0  tasks.o(i.vTaskDelay)
    i.vTaskStartScheduler                    0x08001c50   Section        0  tasks.o(i.vTaskStartScheduler)
    i.vTaskSuspendAll                        0x08001cbc   Section        0  tasks.o(i.vTaskSuspendAll)
    i.vTaskSwitchContext                     0x08001ccc   Section        0  tasks.o(i.vTaskSwitchContext)
    i.xPortStartScheduler                    0x08001d44   Section        0  port.o(i.xPortStartScheduler)
    i.xTaskCreate                            0x08001d78   Section        0  tasks.o(i.xTaskCreate)
    i.xTaskIncrementTick                     0x08001de0   Section        0  tasks.o(i.xTaskIncrementTick)
    i.xTaskResumeAll                         0x08001f70   Section        0  tasks.o(i.xTaskResumeAll)
    .constdata                               0x080020c8   Section       24  system_stm32f1xx.o(.constdata)
    .data                                    0x20000000   Section        4  stm32f1xx_hal.o(.data)
    uwTick                                   0x20000000   Data           4  stm32f1xx_hal.o(.data)
    .data                                    0x20000004   Section        4  system_stm32f1xx.o(.data)
    .data                                    0x20000008   Section       64  tasks.o(.data)
    pxDelayedTaskList                        0x2000000c   Data           4  tasks.o(.data)
    pxOverflowDelayedTaskList                0x20000010   Data           4  tasks.o(.data)
    uxDeletedTasksWaitingCleanUp             0x20000014   Data           4  tasks.o(.data)
    uxCurrentNumberOfTasks                   0x20000018   Data           4  tasks.o(.data)
    xTickCount                               0x2000001c   Data           4  tasks.o(.data)
    uxTopReadyPriority                       0x20000020   Data           4  tasks.o(.data)
    xSchedulerRunning                        0x20000024   Data           4  tasks.o(.data)
    xPendedTicks                             0x20000028   Data           4  tasks.o(.data)
    xYieldPending                            0x2000002c   Data           4  tasks.o(.data)
    xNumOfOverflows                          0x20000030   Data           4  tasks.o(.data)
    uxTaskNumber                             0x20000034   Data           4  tasks.o(.data)
    xNextTaskUnblockTime                     0x20000038   Data           4  tasks.o(.data)
    xIdleTaskHandle                          0x2000003c   Data           4  tasks.o(.data)
    uxSchedulerSuspended                     0x20000044   Data           4  tasks.o(.data)
    .data                                    0x20000048   Section       28  heap_4.o(.data)
    xStart                                   0x20000048   Data           8  heap_4.o(.data)
    pxEnd                                    0x20000050   Data           4  heap_4.o(.data)
    xFreeBytesRemaining                      0x20000054   Data           4  heap_4.o(.data)
    xMinimumEverFreeBytesRemaining           0x20000058   Data           4  heap_4.o(.data)
    xNumberOfSuccessfulAllocations           0x2000005c   Data           4  heap_4.o(.data)
    xNumberOfSuccessfulFrees                 0x20000060   Data           4  heap_4.o(.data)
    .data                                    0x20000064   Section        4  port.o(.data)
    uxCriticalNesting                        0x20000064   Data           4  port.o(.data)
    .bss                                     0x20000068   Section      200  tasks.o(.bss)
    pxReadyTasksLists                        0x20000068   Data         100  tasks.o(.bss)
    xDelayedTaskList1                        0x200000cc   Data          20  tasks.o(.bss)
    xDelayedTaskList2                        0x200000e0   Data          20  tasks.o(.bss)
    xPendingReadyList                        0x200000f4   Data          20  tasks.o(.bss)
    xTasksWaitingTermination                 0x20000108   Data          20  tasks.o(.bss)
    xSuspendedTaskList                       0x2000011c   Data          20  tasks.o(.bss)
    .bss                                     0x20000130   Section    10240  heap_4.o(.bss)
    ucHeap                                   0x20000130   Data       10240  heap_4.o(.bss)
    .bss                                     0x20002930   Section       96  libspace.o(.bss)
    HEAP                                     0x20002990   Section      512  startup_stm32f103xb.o(HEAP)
    Heap_Mem                                 0x20002990   Data         512  startup_stm32f103xb.o(HEAP)
    STACK                                    0x20002b90   Section     1024  startup_stm32f103xb.o(STACK)
    Stack_Mem                                0x20002b90   Data        1024  startup_stm32f103xb.o(STACK)
    __initial_sp                             0x20002f90   Data           0  startup_stm32f103xb.o(STACK)

    Global Symbols

    Symbol Name                              Value     Ov Type        Size  Object(Section)

    BuildAttributes$$THM_ISAv4$P$D$K$B$S$PE$A:L22UL41UL21$X:L11$S22US41US21$IEEE1$IW$USESV6$~STKCKD$USESV7$~SHL$OSPACE$ROPI$EBA8$UX$STANDARDLIB$REQ8$PRES8$EABIv2 0x00000000   Number         0  anon$$obj.o ABSOLUTE
    __ARM_use_no_argv                        0x00000000   Number         0  main.o ABSOLUTE
    __ARM_exceptions_init                     - Undefined Weak Reference
    __alloca_initialize                       - Undefined Weak Reference
    __arm_fini_                               - Undefined Weak Reference
    __arm_preinit_                            - Undefined Weak Reference
    __cpp_initialize__aeabi_                  - Undefined Weak Reference
    __cxa_finalize                            - Undefined Weak Reference
    __rt_locale                               - Undefined Weak Reference
    __sigvec_lookup                           - Undefined Weak Reference
    _atexit_init                              - Undefined Weak Reference
    _call_atexit_fns                          - Undefined Weak Reference
    _clock_init                               - Undefined Weak Reference
    _fp_trap_init                             - Undefined Weak Reference
    _fp_trap_shutdown                         - Undefined Weak Reference
    _get_lc_collate                           - Undefined Weak Reference
    _get_lc_ctype                             - Undefined Weak Reference
    _get_lc_monetary                          - Undefined Weak Reference
    _get_lc_numeric                           - Undefined Weak Reference
    _get_lc_time                              - Undefined Weak Reference
    _getenv_init                              - Undefined Weak Reference
    _handle_redirection                       - Undefined Weak Reference
    _init_alloc                               - Undefined Weak Reference
    _init_user_alloc                          - Undefined Weak Reference
    _initio                                   - Undefined Weak Reference
    _rand_init                                - Undefined Weak Reference
    _signal_finish                            - Undefined Weak Reference
    _signal_init                              - Undefined Weak Reference
    _terminate_alloc                          - Undefined Weak Reference
    _terminate_user_alloc                     - Undefined Weak Reference
    _terminateio                              - Undefined Weak Reference
    __Vectors_Size                           0x000000ec   Number         0  startup_stm32f103xb.o ABSOLUTE
    __Vectors                                0x08000000   Data           4  startup_stm32f103xb.o(RESET)
    __Vectors_End                            0x080000ec   Data           0  startup_stm32f103xb.o(RESET)
    __main                                   0x080000ed   Thumb Code     8  __main.o(!!!main)
    __scatterload                            0x080000f5   Thumb Code     0  __scatter.o(!!!scatter)
    __scatterload_rt2                        0x080000f5   Thumb Code    44  __scatter.o(!!!scatter)
    __scatterload_rt2_thumb_only             0x080000f5   Thumb Code     0  __scatter.o(!!!scatter)
    __scatterload_null                       0x08000103   Thumb Code     0  __scatter.o(!!!scatter)
    __scatterload_copy                       0x08000129   Thumb Code    26  __scatter_copy.o(!!handler_copy)
    __scatterload_zeroinit                   0x08000145   Thumb Code    28  __scatter_zi.o(!!handler_zi)
    __rt_lib_init                            0x08000161   Thumb Code     0  libinit.o(.ARM.Collect$$libinit$$00000000)
    __rt_lib_init_alloca_1                   0x08000163   Thumb Code     0  libinit2.o(.ARM.Collect$$libinit$$0000002E)
    __rt_lib_init_argv_1                     0x08000163   Thumb Code     0  libinit2.o(.ARM.Collect$$libinit$$0000002C)
    __rt_lib_init_atexit_1                   0x08000163   Thumb Code     0  libinit2.o(.ARM.Collect$$libinit$$0000001B)
    __rt_lib_init_clock_1                    0x08000163   Thumb Code     0  libinit2.o(.ARM.Collect$$libinit$$00000021)
    __rt_lib_init_cpp_1                      0x08000163   Thumb Code     0  libinit2.o(.ARM.Collect$$libinit$$00000032)
    __rt_lib_init_exceptions_1               0x08000163   Thumb Code     0  libinit2.o(.ARM.Collect$$libinit$$00000030)
    __rt_lib_init_fp_1                       0x08000163   Thumb Code     0  libinit2.o(.ARM.Collect$$libinit$$00000002)
    __rt_lib_init_fp_trap_1                  0x08000163   Thumb Code     0  libinit2.o(.ARM.Collect$$libinit$$0000001F)
    __rt_lib_init_getenv_1                   0x08000163   Thumb Code     0  libinit2.o(.ARM.Collect$$libinit$$00000023)
    __rt_lib_init_heap_1                     0x08000163   Thumb Code     0  libinit2.o(.ARM.Collect$$libinit$$0000000A)
    __rt_lib_init_lc_collate_1               0x08000163   Thumb Code     0  libinit2.o(.ARM.Collect$$libinit$$00000011)
    __rt_lib_init_lc_ctype_1                 0x08000163   Thumb Code     0  libinit2.o(.ARM.Collect$$libinit$$00000013)
    __rt_lib_init_lc_monetary_1              0x08000163   Thumb Code     0  libinit2.o(.ARM.Collect$$libinit$$00000015)
    __rt_lib_init_lc_numeric_1               0x08000163   Thumb Code     0  libinit2.o(.ARM.Collect$$libinit$$00000017)
    __rt_lib_init_lc_time_1                  0x08000163   Thumb Code     0  libinit2.o(.ARM.Collect$$libinit$$00000019)
    __rt_lib_init_preinit_1                  0x08000163   Thumb Code     0  libinit2.o(.ARM.Collect$$libinit$$00000004)
    __rt_lib_init_rand_1                     0x08000163   Thumb Code     0  libinit2.o(.ARM.Collect$$libinit$$0000000E)
    __rt_lib_init_return                     0x08000163   Thumb Code     0  libinit2.o(.ARM.Collect$$libinit$$00000033)
    __rt_lib_init_signal_1                   0x08000163   Thumb Code     0  libinit2.o(.ARM.Collect$$libinit$$0000001D)
    __rt_lib_init_stdio_1                    0x08000163   Thumb Code     0  libinit2.o(.ARM.Collect$$libinit$$00000025)
    __rt_lib_init_user_alloc_1               0x08000163   Thumb Code     0  libinit2.o(.ARM.Collect$$libinit$$0000000C)
    __rt_lib_shutdown                        0x08000165   Thumb Code     0  libshutdown.o(.ARM.Collect$$libshutdown$$00000000)
    __rt_lib_shutdown_cpp_1                  0x08000167   Thumb Code     0  libshutdown2.o(.ARM.Collect$$libshutdown$$00000004)
    __rt_lib_shutdown_fini_1                 0x08000167   Thumb Code     0  libshutdown2.o(.ARM.Collect$$libshutdown$$00000002)
    __rt_lib_shutdown_fp_trap_1              0x08000167   Thumb Code     0  libshutdown2.o(.ARM.Collect$$libshutdown$$00000009)
    __rt_lib_shutdown_heap_1                 0x08000167   Thumb Code     0  libshutdown2.o(.ARM.Collect$$libshutdown$$00000011)
    __rt_lib_shutdown_return                 0x08000167   Thumb Code     0  libshutdown2.o(.ARM.Collect$$libshutdown$$00000012)
    __rt_lib_shutdown_signal_1               0x08000167   Thumb Code     0  libshutdown2.o(.ARM.Collect$$libshutdown$$0000000C)
    __rt_lib_shutdown_stdio_1                0x08000167   Thumb Code     0  libshutdown2.o(.ARM.Collect$$libshutdown$$00000006)
    __rt_lib_shutdown_user_alloc_1           0x08000167   Thumb Code     0  libshutdown2.o(.ARM.Collect$$libshutdown$$0000000E)
    __rt_entry                               0x08000169   Thumb Code     0  __rtentry.o(.ARM.Collect$$rtentry$$00000000)
    __rt_entry_presh_1                       0x08000169   Thumb Code     0  __rtentry2.o(.ARM.Collect$$rtentry$$00000002)
    __rt_entry_sh                            0x08000169   Thumb Code     0  __rtentry4.o(.ARM.Collect$$rtentry$$00000004)
    __rt_entry_li                            0x0800016f   Thumb Code     0  __rtentry2.o(.ARM.Collect$$rtentry$$0000000A)
    __rt_entry_postsh_1                      0x0800016f   Thumb Code     0  __rtentry2.o(.ARM.Collect$$rtentry$$00000009)
    __rt_entry_main                          0x08000173   Thumb Code     0  __rtentry2.o(.ARM.Collect$$rtentry$$0000000D)
    __rt_entry_postli_1                      0x08000173   Thumb Code     0  __rtentry2.o(.ARM.Collect$$rtentry$$0000000C)
    __rt_exit                                0x0800017b   Thumb Code     0  rtexit.o(.ARM.Collect$$rtexit$$00000000)
    __rt_exit_ls                             0x0800017d   Thumb Code     0  rtexit2.o(.ARM.Collect$$rtexit$$00000003)
    __rt_exit_prels_1                        0x0800017d   Thumb Code     0  rtexit2.o(.ARM.Collect$$rtexit$$00000002)
    __rt_exit_exit                           0x08000181   Thumb Code     0  rtexit2.o(.ARM.Collect$$rtexit$$00000004)
    SVC_Handler                              0x08000189   Thumb Code    32  port.o(.emb_text)
    __asm___6_port_c_39a90d8d__prvStartFirstTask 0x080001ad   Thumb Code    28  port.o(.emb_text)
    PendSV_Handler                           0x080001cd   Thumb Code    72  port.o(.emb_text)
    vPortGetIPSR                             0x08000219   Thumb Code     6  port.o(.emb_text)
    Reset_Handler                            0x08000221   Thumb Code     8  startup_stm32f103xb.o(.text)
    ADC1_2_IRQHandler                        0x0800023b   Thumb Code     0  startup_stm32f103xb.o(.text)
    CAN1_RX1_IRQHandler                      0x0800023b   Thumb Code     0  startup_stm32f103xb.o(.text)
    CAN1_SCE_IRQHandler                      0x0800023b   Thumb Code     0  startup_stm32f103xb.o(.text)
    DMA1_Channel1_IRQHandler                 0x0800023b   Thumb Code     0  startup_stm32f103xb.o(.text)
    DMA1_Channel2_IRQHandler                 0x0800023b   Thumb Code     0  startup_stm32f103xb.o(.text)
    DMA1_Channel3_IRQHandler                 0x0800023b   Thumb Code     0  startup_stm32f103xb.o(.text)
    DMA1_Channel4_IRQHandler                 0x0800023b   Thumb Code     0  startup_stm32f103xb.o(.text)
    DMA1_Channel5_IRQHandler                 0x0800023b   Thumb Code     0  startup_stm32f103xb.o(.text)
    DMA1_Channel6_IRQHandler                 0x0800023b   Thumb Code     0  startup_stm32f103xb.o(.text)
    DMA1_Channel7_IRQHandler                 0x0800023b   Thumb Code     0  startup_stm32f103xb.o(.text)
    EXTI0_IRQHandler                         0x0800023b   Thumb Code     0  startup_stm32f103xb.o(.text)
    EXTI15_10_IRQHandler                     0x0800023b   Thumb Code     0  startup_stm32f103xb.o(.text)
    EXTI1_IRQHandler                         0x0800023b   Thumb Code     0  startup_stm32f103xb.o(.text)
    EXTI2_IRQHandler                         0x0800023b   Thumb Code     0  startup_stm32f103xb.o(.text)
    EXTI3_IRQHandler                         0x0800023b   Thumb Code     0  startup_stm32f103xb.o(.text)
    EXTI4_IRQHandler                         0x0800023b   Thumb Code     0  startup_stm32f103xb.o(.text)
    EXTI9_5_IRQHandler                       0x0800023b   Thumb Code     0  startup_stm32f103xb.o(.text)
    FLASH_IRQHandler                         0x0800023b   Thumb Code     0  startup_stm32f103xb.o(.text)
    I2C1_ER_IRQHandler                       0x0800023b   Thumb Code     0  startup_stm32f103xb.o(.text)
    I2C1_EV_IRQHandler                       0x0800023b   Thumb Code     0  startup_stm32f103xb.o(.text)
    I2C2_ER_IRQHandler                       0x0800023b   Thumb Code     0  startup_stm32f103xb.o(.text)
    I2C2_EV_IRQHandler                       0x0800023b   Thumb Code     0  startup_stm32f103xb.o(.text)
    PVD_IRQHandler                           0x0800023b   Thumb Code     0  startup_stm32f103xb.o(.text)
    RCC_IRQHandler                           0x0800023b   Thumb Code     0  startup_stm32f103xb.o(.text)
    RTC_Alarm_IRQHandler                     0x0800023b   Thumb Code     0  startup_stm32f103xb.o(.text)
    RTC_IRQHandler                           0x0800023b   Thumb Code     0  startup_stm32f103xb.o(.text)
    SPI1_IRQHandler                          0x0800023b   Thumb Code     0  startup_stm32f103xb.o(.text)
    SPI2_IRQHandler                          0x0800023b   Thumb Code     0  startup_stm32f103xb.o(.text)
    TAMPER_IRQHandler                        0x0800023b   Thumb Code     0  startup_stm32f103xb.o(.text)
    TIM1_BRK_IRQHandler                      0x0800023b   Thumb Code     0  startup_stm32f103xb.o(.text)
    TIM1_CC_IRQHandler                       0x0800023b   Thumb Code     0  startup_stm32f103xb.o(.text)
    TIM1_TRG_COM_IRQHandler                  0x0800023b   Thumb Code     0  startup_stm32f103xb.o(.text)
    TIM1_UP_IRQHandler                       0x0800023b   Thumb Code     0  startup_stm32f103xb.o(.text)
    TIM2_IRQHandler                          0x0800023b   Thumb Code     0  startup_stm32f103xb.o(.text)
    TIM3_IRQHandler                          0x0800023b   Thumb Code     0  startup_stm32f103xb.o(.text)
    TIM4_IRQHandler                          0x0800023b   Thumb Code     0  startup_stm32f103xb.o(.text)
    USART1_IRQHandler                        0x0800023b   Thumb Code     0  startup_stm32f103xb.o(.text)
    USART2_IRQHandler                        0x0800023b   Thumb Code     0  startup_stm32f103xb.o(.text)
    USART3_IRQHandler                        0x0800023b   Thumb Code     0  startup_stm32f103xb.o(.text)
    USBWakeUp_IRQHandler                     0x0800023b   Thumb Code     0  startup_stm32f103xb.o(.text)
    USB_HP_CAN1_TX_IRQHandler                0x0800023b   Thumb Code     0  startup_stm32f103xb.o(.text)
    USB_LP_CAN1_RX0_IRQHandler               0x0800023b   Thumb Code     0  startup_stm32f103xb.o(.text)
    WWDG_IRQHandler                          0x0800023b   Thumb Code     0  startup_stm32f103xb.o(.text)
    __user_initial_stackheap                 0x0800023d   Thumb Code     0  startup_stm32f103xb.o(.text)
    __aeabi_memset                           0x08000261   Thumb Code    16  aeabi_memset.o(.text)
    __aeabi_memclr                           0x08000271   Thumb Code     0  rt_memclr.o(.text)
    __rt_memclr                              0x08000271   Thumb Code    68  rt_memclr.o(.text)
    _memset                                  0x08000275   Thumb Code     0  rt_memclr.o(.text)
    __aeabi_memclr4                          0x080002b5   Thumb Code     0  rt_memclr_w.o(.text)
    __aeabi_memclr8                          0x080002b5   Thumb Code     0  rt_memclr_w.o(.text)
    __rt_memclr_w                            0x080002b5   Thumb Code    78  rt_memclr_w.o(.text)
    _memset_w                                0x080002b9   Thumb Code     0  rt_memclr_w.o(.text)
    __use_two_region_memory                  0x08000303   Thumb Code     2  heapauxi.o(.text)
    __rt_heap_escrow$2region                 0x08000305   Thumb Code     2  heapauxi.o(.text)
    __rt_heap_expand$2region                 0x08000307   Thumb Code     2  heapauxi.o(.text)
    __user_setup_stackheap                   0x08000309   Thumb Code    74  sys_stackheap_outer.o(.text)
    exit                                     0x08000353   Thumb Code    18  exit.o(.text)
    __user_libspace                          0x08000365   Thumb Code     8  libspace.o(.text)
    __user_perproc_libspace                  0x08000365   Thumb Code     0  libspace.o(.text)
    __user_perthread_libspace                0x08000365   Thumb Code     0  libspace.o(.text)
    _sys_exit                                0x0800036d   Thumb Code     8  sys_exit.o(.text)
    __I$use$semihosting                      0x08000379   Thumb Code     0  use_no_semi.o(.text)
    __use_no_semihosting_swi                 0x08000379   Thumb Code     2  use_no_semi.o(.text)
    BusFault_Handler                         0x0800037b   Thumb Code     4  stm32f1xx_it.o(i.BusFault_Handler)
    __semihosting_library_function           0x0800037b   Thumb Code     0  indicate_semi.o(.text)
    DebugMon_Handler                         0x0800037f   Thumb Code     2  stm32f1xx_it.o(i.DebugMon_Handler)
    HAL_Delay                                0x08000381   Thumb Code    26  stm32f1xx_hal.o(i.HAL_Delay)
    HAL_GPIO_Init                            0x0800039d   Thumb Code   764  stm32f1xx_hal_gpio.o(i.HAL_GPIO_Init)
    HAL_GPIO_TogglePin                       0x080006b9   Thumb Code     8  stm32f1xx_hal_gpio.o(i.HAL_GPIO_TogglePin)
    HAL_GPIO_WritePin                        0x080006c1   Thumb Code    12  stm32f1xx_hal_gpio.o(i.HAL_GPIO_WritePin)
    HAL_GetTick                              0x080006cd   Thumb Code     6  stm32f1xx_hal.o(i.HAL_GetTick)
    HAL_Init                                 0x080006d9   Thumb Code    34  stm32f1xx_hal.o(i.HAL_Init)
    HAL_InitTick                             0x08000701   Thumb Code    36  stm32f1xx_hal.o(i.HAL_InitTick)
    HAL_MspInit                              0x08000725   Thumb Code     2  stm32f1xx_hal_msp_template.o(i.HAL_MspInit)
    HAL_NVIC_SetPriority                     0x08000727   Thumb Code   124  stm32f1xx_hal_cortex.o(i.HAL_NVIC_SetPriority)
    HAL_NVIC_SetPriorityGrouping             0x080007a5   Thumb Code    32  stm32f1xx_hal_cortex.o(i.HAL_NVIC_SetPriorityGrouping)
    HAL_RCC_ClockConfig                      0x080007cd   Thumb Code   648  stm32f1xx_hal_rcc.o(i.HAL_RCC_ClockConfig)
    HAL_RCC_GetHCLKFreq                      0x08000a65   Thumb Code     6  stm32f1xx_hal_rcc.o(i.HAL_RCC_GetHCLKFreq)
    HAL_RCC_GetSysClockFreq                  0x08000a71   Thumb Code   146  stm32f1xx_hal_rcc.o(i.HAL_RCC_GetSysClockFreq)
    HAL_RCC_OscConfig                        0x08000b25   Thumb Code  2164  stm32f1xx_hal_rcc.o(i.HAL_RCC_OscConfig)
    HAL_SYSTICK_Config                       0x0800139d   Thumb Code    52  stm32f1xx_hal_cortex.o(i.HAL_SYSTICK_Config)
    HardFault_Handler                        0x080013d1   Thumb Code     4  stm32f1xx_it.o(i.HardFault_Handler)
    LED_Init                                 0x080013d5   Thumb Code    72  led.o(i.LED_Init)
    LED_Off                                  0x08001425   Thumb Code    16  led.o(i.LED_Off)
    LED_Toggle                               0x08001439   Thumb Code    14  led.o(i.LED_Toggle)
    MemManage_Handler                        0x0800144d   Thumb Code     4  stm32f1xx_it.o(i.MemManage_Handler)
    NMI_Handler                              0x08001451   Thumb Code     2  stm32f1xx_it.o(i.NMI_Handler)
    Starttask                                0x0800148d   Thumb Code    16  main.o(i.Starttask)
    SysTick_Handler                          0x0800149d   Thumb Code    46  port.o(i.SysTick_Handler)
    SystemClock_Config                       0x080014d1   Thumb Code    86  sys.o(i.SystemClock_Config)
    SystemInit                               0x08001529   Thumb Code    70  system_stm32f1xx.o(i.SystemInit)
    UsageFault_Handler                       0x08001581   Thumb Code     4  stm32f1xx_it.o(i.UsageFault_Handler)
    main                                     0x08001585   Thumb Code    42  main.o(i.main)
    pvPortMalloc                             0x080019e1   Thumb Code   208  heap_4.o(i.pvPortMalloc)
    pxPortInitialiseStack                    0x08001ac5   Thumb Code    30  port.o(i.pxPortInitialiseStack)
    uxListRemove                             0x08001ae9   Thumb Code    40  list.o(i.uxListRemove)
    vListInitialise                          0x08001b11   Thumb Code    26  list.o(i.vListInitialise)
    vListInitialiseItem                      0x08001b2b   Thumb Code     6  list.o(i.vListInitialiseItem)
    vListInsert                              0x08001b31   Thumb Code    52  list.o(i.vListInsert)
    vPortEnterCritical                       0x08001b65   Thumb Code    30  port.o(i.vPortEnterCritical)
    vPortExitCritical                        0x08001b89   Thumb Code    28  port.o(i.vPortExitCritical)
    vPortFree                                0x08001ba9   Thumb Code    68  heap_4.o(i.vPortFree)
    vPortSetupTimerInterrupt                 0x08001bf5   Thumb Code    36  port.o(i.vPortSetupTimerInterrupt)
    vTaskDelay                               0x08001c1d   Thumb Code    46  tasks.o(i.vTaskDelay)
    vTaskStartScheduler                      0x08001c51   Thumb Code    76  tasks.o(i.vTaskStartScheduler)
    vTaskSuspendAll                          0x08001cbd   Thumb Code    12  tasks.o(i.vTaskSuspendAll)
    vTaskSwitchContext                       0x08001ccd   Thumb Code    98  tasks.o(i.vTaskSwitchContext)
    xPortStartScheduler                      0x08001d45   Thumb Code    42  port.o(i.xPortStartScheduler)
    xTaskCreate                              0x08001d79   Thumb Code   104  tasks.o(i.xTaskCreate)
    xTaskIncrementTick                       0x08001de1   Thumb Code   354  tasks.o(i.xTaskIncrementTick)
    xTaskResumeAll                           0x08001f71   Thumb Code   308  tasks.o(i.xTaskResumeAll)
    AHBPrescTable                            0x080020c8   Data          16  system_stm32f1xx.o(.constdata)
    APBPrescTable                            0x080020d8   Data           8  system_stm32f1xx.o(.constdata)
    Region$$Table$$Base                      0x080020e0   Number         0  anon$$obj.o(Region$$Table)
    Region$$Table$$Limit                     0x08002100   Number         0  anon$$obj.o(Region$$Table)
    SystemCoreClock                          0x20000004   Data           4  system_stm32f1xx.o(.data)
    pxCurrentTCB                             0x20000008   Data           4  tasks.o(.data)
    uxTopUsedPriority                        0x20000040   Data           4  tasks.o(.data)
    __libspace_start                         0x20002930   Data          96  libspace.o(.bss)
    __temporary_stack_top$libspace           0x20002990   Data           0  libspace.o(.bss)



==============================================================================

Memory Map of the image

  Image Entry point : 0x080000ed

  Load Region LR_IROM1 (Base: 0x08000000, Size: 0x00002168, Max: 0x00010000, ABSOLUTE)

    Execution Region ER_IROM1 (Exec base: 0x08000000, Load base: 0x08000000, Size: 0x00002100, Max: 0x00010000, ABSOLUTE)

    Exec Addr    Load Addr    Size         Type   Attr      Idx    E Section Name        Object

    0x08000000   0x08000000   0x000000ec   Data   RO         2527    RESET               startup_stm32f103xb.o
    0x080000ec   0x080000ec   0x00000008   Code   RO         3800  * !!!main             c_w.l(__main.o)
    0x080000f4   0x080000f4   0x00000034   Code   RO         3961    !!!scatter          c_w.l(__scatter.o)
    0x08000128   0x08000128   0x0000001a   Code   RO         3963    !!handler_copy      c_w.l(__scatter_copy.o)
    0x08000142   0x08000142   0x00000002   PAD
    0x08000144   0x08000144   0x0000001c   Code   RO         3965    !!handler_zi        c_w.l(__scatter_zi.o)
    0x08000160   0x08000160   0x00000002   Code   RO         3829    .ARM.Collect$$libinit$$00000000  c_w.l(libinit.o)
    0x08000162   0x08000162   0x00000000   Code   RO         3836    .ARM.Collect$$libinit$$00000002  c_w.l(libinit2.o)
    0x08000162   0x08000162   0x00000000   Code   RO         3838    .ARM.Collect$$libinit$$00000004  c_w.l(libinit2.o)
    0x08000162   0x08000162   0x00000000   Code   RO         3841    .ARM.Collect$$libinit$$0000000A  c_w.l(libinit2.o)
    0x08000162   0x08000162   0x00000000   Code   RO         3843    .ARM.Collect$$libinit$$0000000C  c_w.l(libinit2.o)
    0x08000162   0x08000162   0x00000000   Code   RO         3845    .ARM.Collect$$libinit$$0000000E  c_w.l(libinit2.o)
    0x08000162   0x08000162   0x00000000   Code   RO         3848    .ARM.Collect$$libinit$$00000011  c_w.l(libinit2.o)
    0x08000162   0x08000162   0x00000000   Code   RO         3850    .ARM.Collect$$libinit$$00000013  c_w.l(libinit2.o)
    0x08000162   0x08000162   0x00000000   Code   RO         3852    .ARM.Collect$$libinit$$00000015  c_w.l(libinit2.o)
    0x08000162   0x08000162   0x00000000   Code   RO         3854    .ARM.Collect$$libinit$$00000017  c_w.l(libinit2.o)
    0x08000162   0x08000162   0x00000000   Code   RO         3856    .ARM.Collect$$libinit$$00000019  c_w.l(libinit2.o)
    0x08000162   0x08000162   0x00000000   Code   RO         3858    .ARM.Collect$$libinit$$0000001B  c_w.l(libinit2.o)
    0x08000162   0x08000162   0x00000000   Code   RO         3860    .ARM.Collect$$libinit$$0000001D  c_w.l(libinit2.o)
    0x08000162   0x08000162   0x00000000   Code   RO         3862    .ARM.Collect$$libinit$$0000001F  c_w.l(libinit2.o)
    0x08000162   0x08000162   0x00000000   Code   RO         3864    .ARM.Collect$$libinit$$00000021  c_w.l(libinit2.o)
    0x08000162   0x08000162   0x00000000   Code   RO         3866    .ARM.Collect$$libinit$$00000023  c_w.l(libinit2.o)
    0x08000162   0x08000162   0x00000000   Code   RO         3868    .ARM.Collect$$libinit$$00000025  c_w.l(libinit2.o)
    0x08000162   0x08000162   0x00000000   Code   RO         3872    .ARM.Collect$$libinit$$0000002C  c_w.l(libinit2.o)
    0x08000162   0x08000162   0x00000000   Code   RO         3874    .ARM.Collect$$libinit$$0000002E  c_w.l(libinit2.o)
    0x08000162   0x08000162   0x00000000   Code   RO         3876    .ARM.Collect$$libinit$$00000030  c_w.l(libinit2.o)
    0x08000162   0x08000162   0x00000000   Code   RO         3878    .ARM.Collect$$libinit$$00000032  c_w.l(libinit2.o)
    0x08000162   0x08000162   0x00000002   Code   RO         3879    .ARM.Collect$$libinit$$00000033  c_w.l(libinit2.o)
    0x08000164   0x08000164   0x00000002   Code   RO         3899    .ARM.Collect$$libshutdown$$00000000  c_w.l(libshutdown.o)
    0x08000166   0x08000166   0x00000000   Code   RO         3912    .ARM.Collect$$libshutdown$$00000002  c_w.l(libshutdown2.o)
    0x08000166   0x08000166   0x00000000   Code   RO         3914    .ARM.Collect$$libshutdown$$00000004  c_w.l(libshutdown2.o)
    0x08000166   0x08000166   0x00000000   Code   RO         3916    .ARM.Collect$$libshutdown$$00000006  c_w.l(libshutdown2.o)
    0x08000166   0x08000166   0x00000000   Code   RO         3919    .ARM.Collect$$libshutdown$$00000009  c_w.l(libshutdown2.o)
    0x08000166   0x08000166   0x00000000   Code   RO         3922    .ARM.Collect$$libshutdown$$0000000C  c_w.l(libshutdown2.o)
    0x08000166   0x08000166   0x00000000   Code   RO         3924    .ARM.Collect$$libshutdown$$0000000E  c_w.l(libshutdown2.o)
    0x08000166   0x08000166   0x00000000   Code   RO         3927    .ARM.Collect$$libshutdown$$00000011  c_w.l(libshutdown2.o)
    0x08000166   0x08000166   0x00000002   Code   RO         3928    .ARM.Collect$$libshutdown$$00000012  c_w.l(libshutdown2.o)
    0x08000168   0x08000168   0x00000000   Code   RO         3802    .ARM.Collect$$rtentry$$00000000  c_w.l(__rtentry.o)
    0x08000168   0x08000168   0x00000000   Code   RO         3806    .ARM.Collect$$rtentry$$00000002  c_w.l(__rtentry2.o)
    0x08000168   0x08000168   0x00000006   Code   RO         3818    .ARM.Collect$$rtentry$$00000004  c_w.l(__rtentry4.o)
    0x0800016e   0x0800016e   0x00000000   Code   RO         3808    .ARM.Collect$$rtentry$$00000009  c_w.l(__rtentry2.o)
    0x0800016e   0x0800016e   0x00000004   Code   RO         3809    .ARM.Collect$$rtentry$$0000000A  c_w.l(__rtentry2.o)
    0x08000172   0x08000172   0x00000000   Code   RO         3811    .ARM.Collect$$rtentry$$0000000C  c_w.l(__rtentry2.o)
    0x08000172   0x08000172   0x00000008   Code   RO         3812    .ARM.Collect$$rtentry$$0000000D  c_w.l(__rtentry2.o)
    0x0800017a   0x0800017a   0x00000002   Code   RO         3833    .ARM.Collect$$rtexit$$00000000  c_w.l(rtexit.o)
    0x0800017c   0x0800017c   0x00000000   Code   RO         3881    .ARM.Collect$$rtexit$$00000002  c_w.l(rtexit2.o)
    0x0800017c   0x0800017c   0x00000004   Code   RO         3882    .ARM.Collect$$rtexit$$00000003  c_w.l(rtexit2.o)
    0x08000180   0x08000180   0x00000006   Code   RO         3883    .ARM.Collect$$rtexit$$00000004  c_w.l(rtexit2.o)
    0x08000186   0x08000186   0x00000002   PAD
    0x08000188   0x08000188   0x00000096   Code   RO         3715    .emb_text           port.o
    0x0800021e   0x0800021e   0x00000002   PAD
    0x08000220   0x08000220   0x00000040   Code   RO         2528    .text               startup_stm32f103xb.o
    0x08000260   0x08000260   0x00000010   Code   RO         3792    .text               c_w.l(aeabi_memset.o)
    0x08000270   0x08000270   0x00000044   Code   RO         3794    .text               c_w.l(rt_memclr.o)
    0x080002b4   0x080002b4   0x0000004e   Code   RO         3796    .text               c_w.l(rt_memclr_w.o)
    0x08000302   0x08000302   0x00000006   Code   RO         3798    .text               c_w.l(heapauxi.o)
    0x08000308   0x08000308   0x0000004a   Code   RO         3820    .text               c_w.l(sys_stackheap_outer.o)
    0x08000352   0x08000352   0x00000012   Code   RO         3822    .text               c_w.l(exit.o)
    0x08000364   0x08000364   0x00000008   Code   RO         3830    .text               c_w.l(libspace.o)
    0x0800036c   0x0800036c   0x0000000c   Code   RO         3891    .text               c_w.l(sys_exit.o)
    0x08000378   0x08000378   0x00000002   Code   RO         3902    .text               c_w.l(use_no_semi.o)
    0x0800037a   0x0800037a   0x00000000   Code   RO         3904    .text               c_w.l(indicate_semi.o)
    0x0800037a   0x0800037a   0x00000004   Code   RO         2655    i.BusFault_Handler  stm32f1xx_it.o
    0x0800037e   0x0800037e   0x00000002   Code   RO         2656    i.DebugMon_Handler  stm32f1xx_it.o
    0x08000380   0x08000380   0x0000001a   Code   RO           11    i.HAL_Delay         stm32f1xx_hal.o
    0x0800039a   0x0800039a   0x00000002   PAD
    0x0800039c   0x0800039c   0x0000031c   Code   RO          819    i.HAL_GPIO_Init     stm32f1xx_hal_gpio.o
    0x080006b8   0x080006b8   0x00000008   Code   RO          822    i.HAL_GPIO_TogglePin  stm32f1xx_hal_gpio.o
    0x080006c0   0x080006c0   0x0000000c   Code   RO          823    i.HAL_GPIO_WritePin  stm32f1xx_hal_gpio.o
    0x080006cc   0x080006cc   0x0000000c   Code   RO           15    i.HAL_GetTick       stm32f1xx_hal.o
    0x080006d8   0x080006d8   0x00000028   Code   RO           17    i.HAL_Init          stm32f1xx_hal.o
    0x08000700   0x08000700   0x00000024   Code   RO           18    i.HAL_InitTick      stm32f1xx_hal.o
    0x08000724   0x08000724   0x00000002   Code   RO         1037    i.HAL_MspInit       stm32f1xx_hal_msp_template.o
    0x08000726   0x08000726   0x0000007c   Code   RO          312    i.HAL_NVIC_SetPriority  stm32f1xx_hal_cortex.o
    0x080007a2   0x080007a2   0x00000002   PAD
    0x080007a4   0x080007a4   0x00000028   Code   RO          313    i.HAL_NVIC_SetPriorityGrouping  stm32f1xx_hal_cortex.o
    0x080007cc   0x080007cc   0x00000298   Code   RO         1215    i.HAL_RCC_ClockConfig  stm32f1xx_hal_rcc.o
    0x08000a64   0x08000a64   0x0000000c   Code   RO         1220    i.HAL_RCC_GetHCLKFreq  stm32f1xx_hal_rcc.o
    0x08000a70   0x08000a70   0x000000b4   Code   RO         1224    i.HAL_RCC_GetSysClockFreq  stm32f1xx_hal_rcc.o
    0x08000b24   0x08000b24   0x00000878   Code   RO         1227    i.HAL_RCC_OscConfig  stm32f1xx_hal_rcc.o
    0x0800139c   0x0800139c   0x00000034   Code   RO          317    i.HAL_SYSTICK_Config  stm32f1xx_hal_cortex.o
    0x080013d0   0x080013d0   0x00000004   Code   RO         2657    i.HardFault_Handler  stm32f1xx_it.o
    0x080013d4   0x080013d4   0x00000050   Code   RO         2716    i.LED_Init          led.o
    0x08001424   0x08001424   0x00000014   Code   RO         2717    i.LED_Off           led.o
    0x08001438   0x08001438   0x00000014   Code   RO         2719    i.LED_Toggle        led.o
    0x0800144c   0x0800144c   0x00000004   Code   RO         2658    i.MemManage_Handler  stm32f1xx_it.o
    0x08001450   0x08001450   0x00000002   Code   RO         2659    i.NMI_Handler       stm32f1xx_it.o
    0x08001452   0x08001452   0x00000002   PAD
    0x08001454   0x08001454   0x00000010   Code   RO          319    i.NVIC_GetPriorityGrouping  stm32f1xx_hal_cortex.o
    0x08001464   0x08001464   0x00000028   Code   RO          320    i.NVIC_SetPriority  stm32f1xx_hal_cortex.o
    0x0800148c   0x0800148c   0x00000010   Code   RO         2576    i.Starttask         main.o
    0x0800149c   0x0800149c   0x00000034   Code   RO         3716    i.SysTick_Handler   port.o
    0x080014d0   0x080014d0   0x00000056   Code   RO         2762    i.SystemClock_Config  sys.o
    0x08001526   0x08001526   0x00000002   PAD
    0x08001528   0x08001528   0x00000058   Code   RO         2536    i.SystemInit        system_stm32f1xx.o
    0x08001580   0x08001580   0x00000004   Code   RO         2660    i.UsageFault_Handler  stm32f1xx_it.o
    0x08001584   0x08001584   0x0000003c   Code   RO         2578    i.main              main.o
    0x080015c0   0x080015c0   0x000000a4   Code   RO         3285    i.prvAddCurrentTaskToDelayedList  tasks.o
    0x08001664   0x08001664   0x000000e8   Code   RO         3286    i.prvAddNewTaskToReadyList  tasks.o
    0x0800174c   0x0800174c   0x00000048   Code   RO         3287    i.prvCheckTasksWaitingTermination  tasks.o
    0x08001794   0x08001794   0x00000012   Code   RO         3288    i.prvDeleteTCB      tasks.o
    0x080017a6   0x080017a6   0x00000002   PAD
    0x080017a8   0x080017a8   0x00000070   Code   RO         3654    i.prvHeapInit       heap_4.o
    0x08001818   0x08001818   0x00000028   Code   RO         3289    i.prvIdleTask       tasks.o
    0x08001840   0x08001840   0x00000086   Code   RO         3290    i.prvInitialiseNewTask  tasks.o
    0x080018c6   0x080018c6   0x00000002   PAD
    0x080018c8   0x080018c8   0x00000068   Code   RO         3291    i.prvInitialiseTaskLists  tasks.o
    0x08001930   0x08001930   0x00000068   Code   RO         3655    i.prvInsertBlockIntoFreeList  heap_4.o
    0x08001998   0x08001998   0x00000030   Code   RO         3293    i.prvResetNextTaskUnblockTime  tasks.o
    0x080019c8   0x080019c8   0x00000016   Code   RO         3717    i.prvTaskExitError  port.o
    0x080019de   0x080019de   0x00000002   PAD
    0x080019e0   0x080019e0   0x000000e4   Code   RO         3657    i.pvPortMalloc      heap_4.o
    0x08001ac4   0x08001ac4   0x00000024   Code   RO         3718    i.pxPortInitialiseStack  port.o
    0x08001ae8   0x08001ae8   0x00000028   Code   RO         2913    i.uxListRemove      list.o
    0x08001b10   0x08001b10   0x0000001a   Code   RO         2914    i.vListInitialise   list.o
    0x08001b2a   0x08001b2a   0x00000006   Code   RO         2915    i.vListInitialiseItem  list.o
    0x08001b30   0x08001b30   0x00000034   Code   RO         2916    i.vListInsert       list.o
    0x08001b64   0x08001b64   0x00000024   Code   RO         3720    i.vPortEnterCritical  port.o
    0x08001b88   0x08001b88   0x00000020   Code   RO         3721    i.vPortExitCritical  port.o
    0x08001ba8   0x08001ba8   0x0000004c   Code   RO         3658    i.vPortFree         heap_4.o
    0x08001bf4   0x08001bf4   0x00000028   Code   RO         3722    i.vPortSetupTimerInterrupt  port.o
    0x08001c1c   0x08001c1c   0x00000034   Code   RO         3305    i.vTaskDelay        tasks.o
    0x08001c50   0x08001c50   0x0000006c   Code   RO         3320    i.vTaskStartScheduler  tasks.o
    0x08001cbc   0x08001cbc   0x00000010   Code   RO         3322    i.vTaskSuspendAll   tasks.o
    0x08001ccc   0x08001ccc   0x00000078   Code   RO         3323    i.vTaskSwitchContext  tasks.o
    0x08001d44   0x08001d44   0x00000034   Code   RO         3723    i.xPortStartScheduler  port.o
    0x08001d78   0x08001d78   0x00000068   Code   RO         3326    i.xTaskCreate       tasks.o
    0x08001de0   0x08001de0   0x00000190   Code   RO         3335    i.xTaskIncrementTick  tasks.o
    0x08001f70   0x08001f70   0x00000158   Code   RO         3339    i.xTaskResumeAll    tasks.o
    0x080020c8   0x080020c8   0x00000018   Data   RO         2537    .constdata          system_stm32f1xx.o
    0x080020e0   0x080020e0   0x00000020   Data   RO         3959    Region$$Table       anon$$obj.o


    Execution Region RW_IRAM1 (Exec base: 0x20000000, Load base: 0x08002100, Size: 0x00002f90, Max: 0x00005000, ABSOLUTE)

    Exec Addr    Load Addr    Size         Type   Attr      Idx    E Section Name        Object

    0x20000000   0x08002100   0x00000004   Data   RW           23    .data               stm32f1xx_hal.o
    0x20000004   0x08002104   0x00000004   Data   RW         2538    .data               system_stm32f1xx.o
    0x20000008   0x08002108   0x00000040   Data   RW         3342    .data               tasks.o
    0x20000048   0x08002148   0x0000001c   Data   RW         3664    .data               heap_4.o
    0x20000064   0x08002164   0x00000004   Data   RW         3724    .data               port.o
    0x20000068        -       0x000000c8   Zero   RW         3341    .bss                tasks.o
    0x20000130        -       0x00002800   Zero   RW         3663    .bss                heap_4.o
    0x20002930        -       0x00000060   Zero   RW         3831    .bss                c_w.l(libspace.o)
    0x20002990        -       0x00000200   Zero   RW         2526    HEAP                startup_stm32f103xb.o
    0x20002b90        -       0x00000400   Zero   RW         2525    STACK               startup_stm32f103xb.o


==============================================================================

Image component sizes


      Code (inc. data)   RO Data    RW Data    ZI Data      Debug   Object Name

         0          0          0          0          0       2400   event_groups.o
       520         58          0         28      10240       4403   heap_4.o
       120         18          0          0          0       1794   led.o
       124          0          0          0          0       2549   list.o
        76         18          0          0          0       8411   main.o
       420         48          0          4          0       8064   port.o
        64         26        236          0       1536        772   startup_stm32f103xb.o
       114         12          0          4          0     413056   stm32f1xx_hal.o
       272         22          0          0          0      25142   stm32f1xx_hal_cortex.o
       816         32          0          0          0       3205   stm32f1xx_hal_gpio.o
         2          0          0          0          0        422   stm32f1xx_hal_msp_template.o
      3024         84          0          0          0       4378   stm32f1xx_hal_rcc.o
        20          0          0          0          0       2401   stm32f1xx_it.o
        86          0          0          0          0        569   sys.o
        88         18         24          4          0       1163   system_stm32f1xx.o
      1956        260          0         64        200      24871   tasks.o

    ----------------------------------------------------------------------
      7718        596        292        104      11976     503600   Object Totals
         0          0         32          0          0          0   (incl. Generated)
        16          0          0          0          0          0   (incl. Padding)

    ----------------------------------------------------------------------

      Code (inc. data)   RO Data    RW Data    ZI Data      Debug   Library Member Name

         8          0          0          0          0         68   __main.o
         0          0          0          0          0          0   __rtentry.o
        12          0          0          0          0          0   __rtentry2.o
         6          0          0          0          0          0   __rtentry4.o
        52          8          0          0          0          0   __scatter.o
        26          0          0          0          0          0   __scatter_copy.o
        28          0          0          0          0          0   __scatter_zi.o
        16          0          0          0          0         68   aeabi_memset.o
        18          0          0          0          0         80   exit.o
         6          0          0          0          0        152   heapauxi.o
         0          0          0          0          0          0   indicate_semi.o
         2          0          0          0          0          0   libinit.o
         2          0          0          0          0          0   libinit2.o
         2          0          0          0          0          0   libshutdown.o
         2          0          0          0          0          0   libshutdown2.o
         8          4          0          0         96         68   libspace.o
        68          0          0          0          0         68   rt_memclr.o
        78          0          0          0          0         80   rt_memclr_w.o
         2          0          0          0          0          0   rtexit.o
        10          0          0          0          0          0   rtexit2.o
        12          4          0          0          0         68   sys_exit.o
        74          0          0          0          0         80   sys_stackheap_outer.o
         2          0          0          0          0         68   use_no_semi.o

    ----------------------------------------------------------------------
       438         16          0          0         96        800   Library Totals
         4          0          0          0          0          0   (incl. Padding)

    ----------------------------------------------------------------------

      Code (inc. data)   RO Data    RW Data    ZI Data      Debug   Library Name

       434         16          0          0         96        800   c_w.l

    ----------------------------------------------------------------------
       438         16          0          0         96        800   Library Totals

    ----------------------------------------------------------------------

==============================================================================


      Code (inc. data)   RO Data    RW Data    ZI Data      Debug   

      8156        612        292        104      12072     501172   Grand Totals
      8156        612        292        104      12072     501172   ELF Image Totals
      8156        612        292        104          0          0   ROM Totals

==============================================================================

    Total RO  Size (Code + RO Data)                 8448 (   8.25kB)
    Total RW  Size (RW Data + ZI Data)             12176 (  11.89kB)
    Total ROM Size (Code + RO Data + RW Data)       8552 (   8.35kB)

==============================================================================

