<html>
<body>
<pre>
<h1>µVision Build Log</h1>
<h2>Tool Versions:</h2>
IDE-Version: µVision V5.39.0.0
Copyright (C) 2023 ARM Ltd and ARM Germany GmbH. All rights reserved.
License Information: / LOVEGEM, /, LIC=KRMW3-AWLU0-Z9TG9-4ECYZ-UPX1P-0SZZZ
 
Tool Versions:
Toolchain:       MDK-ARM Plus  Version: 5.39.0.0
Toolchain Path:  D:\MDK\core\ARM\ARMCC\Bin
C Compiler:      Armcc.exe V5.06 update 7 (build 960)
Assembler:       Armasm.exe V5.06 update 7 (build 960)
Linker/Locator:  ArmLink.exe V5.06 update 7 (build 960)
Library Manager: ArmAr.exe V5.06 update 7 (build 960)
Hex Converter:   FromElf.exe V5.06 update 7 (build 960)
CPU DLL:         SARMCM3.DLL V5.39.0.0
Dialog DLL:      DCM.DLL V1.17.5.0
Target DLL:      STLink\ST-LINKIII-KEIL_SWO.dll V3.2.0.0
Dialog DLL:      TCM.DLL V1.56.4.0
 
<h2>Project:</h2>
E:\proj\FreeRTOS_Template\MDK-ARM\project.uvprojx
Project File Date:  08/09/2025

<h2>Output:</h2>
*** Using Compiler 'V5.06 update 7 (build 960)', folder: 'D:\MDK\core\ARM\ARMCC\Bin'
Build target 'Target 1'
compiling event_groups.c...
compiling queue.c...
compiling list.c...
compiling timers.c...
compiling croutine.c...
compiling heap_4.c...
compiling port.c...
compiling stream_buffer.c...
compiling tasks.c...
compiling main.c...
linking...
Program Size: Code=8156 RO-data=292 RW-data=104 ZI-data=12072  
".\project.axf" - 0 Error(s), 0 Warning(s).

<h2>Software Packages used:</h2>

Package Vendor: Keil
                http://www.keil.com/pack/Keil.STM32F1xx_DFP.1.0.4.pack
                Keil::STM32F1xx_DFP@1.0.4
                STMicroelectronics STM32F1 Series Device Support, Drivers and Examples

<h2>Collection of Component include folders:</h2>
  D:/MDK/packs/Keil/STM32F1xx_DFP/1.0.4/Device/Include

<h2>Collection of Component Files used:</h2>
Build Time Elapsed:  00:00:02
</pre>
</body>
</html>
